###############################################################################
#
# IAR ELF Linker V7.40.3.8902/W32 for ARM                 25/Nov/2019  11:31:43
# Copyright 2007-2015 IAR Systems AB.
#
#    Output file  =  E:\sdk\zg\dengpao_ps\out\IAR\Debug\Exe\application.axf
#    Map file     =  
#        E:\sdk\zg\dengpao_ps\example\main\project\IAR\..\..\..\..\out\IAR\Debug\List\application.map
#    Command line =  
#        E:\sdk\zg\dengpao_ps\out\IAR\Debug\Obj\adc_test.o
#        E:\sdk\zg\dengpao_ps\out\IAR\Debug\Obj\aes.o
#        E:\sdk\zg\dengpao_ps\out\IAR\Debug\Obj\aesni.o
#        E:\sdk\zg\dengpao_ps\out\IAR\Debug\Obj\api_lib.o
#        E:\sdk\zg\dengpao_ps\out\IAR\Debug\Obj\api_msg.o
#        E:\sdk\zg\dengpao_ps\out\IAR\Debug\Obj\arc4.o
#        E:\sdk\zg\dengpao_ps\out\IAR\Debug\Obj\asn1_dec.o
#        E:\sdk\zg\dengpao_ps\out\IAR\Debug\Obj\asn1_enc.o
#        E:\sdk\zg\dengpao_ps\out\IAR\Debug\Obj\asn1parse.o
#        E:\sdk\zg\dengpao_ps\out\IAR\Debug\Obj\asn1write.o
#        E:\sdk\zg\dengpao_ps\out\IAR\Debug\Obj\at_cmd.o
#        E:\sdk\zg\dengpao_ps\out\IAR\Debug\Obj\at_esp_init.o
#        E:\sdk\zg\dengpao_ps\out\IAR\Debug\Obj\at_network.o
#        E:\sdk\zg\dengpao_ps\out\IAR\Debug\Obj\at_test.o
#        E:\sdk\zg\dengpao_ps\out\IAR\Debug\Obj\at_wlan.o
#        E:\sdk\zg\dengpao_ps\out\IAR\Debug\Obj\auth.o
#        E:\sdk\zg\dengpao_ps\out\IAR\Debug\Obj\auto_report.o
#        E:\sdk\zg\dengpao_ps\out\IAR\Debug\Obj\autoip.o
#        E:\sdk\zg\dengpao_ps\out\IAR\Debug\Obj\base64.o
#        E:\sdk\zg\dengpao_ps\out\IAR\Debug\Obj\bignum.o
#        E:\sdk\zg\dengpao_ps\out\IAR\Debug\Obj\blowfish.o
#        E:\sdk\zg\dengpao_ps\out\IAR\Debug\Obj\cal_test.o
#        E:\sdk\zg\dengpao_ps\out\IAR\Debug\Obj\camellia.o
#        E:\sdk\zg\dengpao_ps\out\IAR\Debug\Obj\ccm.o
#        E:\sdk\zg\dengpao_ps\out\IAR\Debug\Obj\certs.o
#        E:\sdk\zg\dengpao_ps\out\IAR\Debug\Obj\chap.o
#        E:\sdk\zg\dengpao_ps\out\IAR\Debug\Obj\chpms.o
#        E:\sdk\zg\dengpao_ps\out\IAR\Debug\Obj\cipher.o
#        E:\sdk\zg\dengpao_ps\out\IAR\Debug\Obj\cipher_wrap.o
#        E:\sdk\zg\dengpao_ps\out\IAR\Debug\Obj\clock.o
#        E:\sdk\zg\dengpao_ps\out\IAR\Debug\Obj\cmac.o
#        E:\sdk\zg\dengpao_ps\out\IAR\Debug\Obj\color.o
#        E:\sdk\zg\dengpao_ps\out\IAR\Debug\Obj\croutine.o
#        E:\sdk\zg\dengpao_ps\out\IAR\Debug\Obj\ctr_drbg.o
#        E:\sdk\zg\dengpao_ps\out\IAR\Debug\Obj\debug.o
#        E:\sdk\zg\dengpao_ps\out\IAR\Debug\Obj\debuginfo.o
#        E:\sdk\zg\dengpao_ps\out\IAR\Debug\Obj\def.o
#        E:\sdk\zg\dengpao_ps\out\IAR\Debug\Obj\des.o
#        E:\sdk\zg\dengpao_ps\out\IAR\Debug\Obj\dhcp.o
#        E:\sdk\zg\dengpao_ps\out\IAR\Debug\Obj\dhcpc.o
#        E:\sdk\zg\dengpao_ps\out\IAR\Debug\Obj\dhcps.o
#        E:\sdk\zg\dengpao_ps\out\IAR\Debug\Obj\dhm.o
#        E:\sdk\zg\dengpao_ps\out\IAR\Debug\Obj\dns.o
#        E:\sdk\zg\dengpao_ps\out\IAR\Debug\Obj\ecdh.o
#        E:\sdk\zg\dengpao_ps\out\IAR\Debug\Obj\ecdsa.o
#        E:\sdk\zg\dengpao_ps\out\IAR\Debug\Obj\ecjpake.o
#        E:\sdk\zg\dengpao_ps\out\IAR\Debug\Obj\ecp.o
#        E:\sdk\zg\dengpao_ps\out\IAR\Debug\Obj\ecp_curves.o
#        E:\sdk\zg\dengpao_ps\out\IAR\Debug\Obj\encryption.o
#        E:\sdk\zg\dengpao_ps\out\IAR\Debug\Obj\entropy.o
#        E:\sdk\zg\dengpao_ps\out\IAR\Debug\Obj\entropy_poll.o
#        E:\sdk\zg\dengpao_ps\out\IAR\Debug\Obj\err.o
#        E:\sdk\zg\dengpao_ps\out\IAR\Debug\Obj\error.o
#        E:\sdk\zg\dengpao_ps\out\IAR\Debug\Obj\etharp.o
#        E:\sdk\zg\dengpao_ps\out\IAR\Debug\Obj\event_groups.o
#        E:\sdk\zg\dengpao_ps\out\IAR\Debug\Obj\flash_test.o
#        E:\sdk\zg\dengpao_ps\out\IAR\Debug\Obj\fota.o
#        E:\sdk\zg\dengpao_ps\out\IAR\Debug\Obj\freertos_callback.o
#        E:\sdk\zg\dengpao_ps\out\IAR\Debug\Obj\fsm.o
#        E:\sdk\zg\dengpao_ps\out\IAR\Debug\Obj\gcm.o
#        E:\sdk\zg\dengpao_ps\out\IAR\Debug\Obj\gpio_test.o
#        E:\sdk\zg\dengpao_ps\out\IAR\Debug\Obj\havege.o
#        E:\sdk\zg\dengpao_ps\out\IAR\Debug\Obj\heap_5.o
#        E:\sdk\zg\dengpao_ps\out\IAR\Debug\Obj\hmac_drbg.o
#        E:\sdk\zg\dengpao_ps\out\IAR\Debug\Obj\httpc_api.o
#        E:\sdk\zg\dengpao_ps\out\IAR\Debug\Obj\httpc_core.o
#        E:\sdk\zg\dengpao_ps\out\IAR\Debug\Obj\httpd.o
#        E:\sdk\zg\dengpao_ps\out\IAR\Debug\Obj\i2c_test.o
#        E:\sdk\zg\dengpao_ps\out\IAR\Debug\Obj\i2s_test.o
#        E:\sdk\zg\dengpao_ps\out\IAR\Debug\Obj\icmp.o
#        E:\sdk\zg\dengpao_ps\out\IAR\Debug\Obj\icmp6.o
#        E:\sdk\zg\dengpao_ps\out\IAR\Debug\Obj\igmp.o
#        E:\sdk\zg\dengpao_ps\out\IAR\Debug\Obj\inet.o
#        E:\sdk\zg\dengpao_ps\out\IAR\Debug\Obj\inet6.o
#        E:\sdk\zg\dengpao_ps\out\IAR\Debug\Obj\inet_chksum.o
#        E:\sdk\zg\dengpao_ps\out\IAR\Debug\Obj\init.o
#        E:\sdk\zg\dengpao_ps\out\IAR\Debug\Obj\ip.o
#        E:\sdk\zg\dengpao_ps\out\IAR\Debug\Obj\ip6.o
#        E:\sdk\zg\dengpao_ps\out\IAR\Debug\Obj\ip6_addr.o
#        E:\sdk\zg\dengpao_ps\out\IAR\Debug\Obj\ip_addr.o
#        E:\sdk\zg\dengpao_ps\out\IAR\Debug\Obj\ip_frag.o
#        E:\sdk\zg\dengpao_ps\out\IAR\Debug\Obj\ipcp.o
#        E:\sdk\zg\dengpao_ps\out\IAR\Debug\Obj\iperf_test.o
#        E:\sdk\zg\dengpao_ps\out\IAR\Debug\Obj\ipref_sockets.o
#        E:\sdk\zg\dengpao_ps\out\IAR\Debug\Obj\IR.o
#        E:\sdk\zg\dengpao_ps\out\IAR\Debug\Obj\kv.o
#        E:\sdk\zg\dengpao_ps\out\IAR\Debug\Obj\kv_adapt.o
#        E:\sdk\zg\dengpao_ps\out\IAR\Debug\Obj\kv_api.o
#        E:\sdk\zg\dengpao_ps\out\IAR\Debug\Obj\kv_cli.o
#        E:\sdk\zg\dengpao_ps\out\IAR\Debug\Obj\kv_secure.o
#        E:\sdk\zg\dengpao_ps\out\IAR\Debug\Obj\kv_test.o
#        E:\sdk\zg\dengpao_ps\out\IAR\Debug\Obj\lcp.o
#        E:\sdk\zg\dengpao_ps\out\IAR\Debug\Obj\Light_fun.o
#        E:\sdk\zg\dengpao_ps\out\IAR\Debug\Obj\list.o
#        E:\sdk\zg\dengpao_ps\out\IAR\Debug\Obj\lwip_md5.o
#        E:\sdk\zg\dengpao_ps\out\IAR\Debug\Obj\lwip_timers.o
#        E:\sdk\zg\dengpao_ps\out\IAR\Debug\Obj\magic.o
#        E:\sdk\zg\dengpao_ps\out\IAR\Debug\Obj\md.o
#        E:\sdk\zg\dengpao_ps\out\IAR\Debug\Obj\md2.o
#        E:\sdk\zg\dengpao_ps\out\IAR\Debug\Obj\md4.o
#        E:\sdk\zg\dengpao_ps\out\IAR\Debug\Obj\md5.o
#        E:\sdk\zg\dengpao_ps\out\IAR\Debug\Obj\md_wrap.o
#        E:\sdk\zg\dengpao_ps\out\IAR\Debug\Obj\mem.o
#        E:\sdk\zg\dengpao_ps\out\IAR\Debug\Obj\memory_buffer_alloc.o
#        E:\sdk\zg\dengpao_ps\out\IAR\Debug\Obj\memp.o
#        E:\sdk\zg\dengpao_ps\out\IAR\Debug\Obj\mib2.o
#        E:\sdk\zg\dengpao_ps\out\IAR\Debug\Obj\mib_structs.o
#        E:\sdk\zg\dengpao_ps\out\IAR\Debug\Obj\mqtt_test.o
#        E:\sdk\zg\dengpao_ps\out\IAR\Debug\Obj\MQTTConnectClient.o
#        E:\sdk\zg\dengpao_ps\out\IAR\Debug\Obj\MQTTDeserializePublish.o
#        E:\sdk\zg\dengpao_ps\out\IAR\Debug\Obj\MQTTFormat.o
#        E:\sdk\zg\dengpao_ps\out\IAR\Debug\Obj\MQTTPacket.o
#        E:\sdk\zg\dengpao_ps\out\IAR\Debug\Obj\MQTTSerializePublish.o
#        E:\sdk\zg\dengpao_ps\out\IAR\Debug\Obj\MQTTSubscribeClient.o
#        E:\sdk\zg\dengpao_ps\out\IAR\Debug\Obj\MQTTSubscribeServer.o
#        E:\sdk\zg\dengpao_ps\out\IAR\Debug\Obj\MQTTUnsubscribeClient.o
#        E:\sdk\zg\dengpao_ps\out\IAR\Debug\Obj\msg_in.o
#        E:\sdk\zg\dengpao_ps\out\IAR\Debug\Obj\msg_out.o
#        E:\sdk\zg\dengpao_ps\out\IAR\Debug\Obj\net_sockets.o
#        E:\sdk\zg\dengpao_ps\out\IAR\Debug\Obj\netbuf.o
#        E:\sdk\zg\dengpao_ps\out\IAR\Debug\Obj\netdb.o
#        E:\sdk\zg\dengpao_ps\out\IAR\Debug\Obj\netif.o
#        E:\sdk\zg\dengpao_ps\out\IAR\Debug\Obj\netifapi.o
#        E:\sdk\zg\dengpao_ps\out\IAR\Debug\Obj\oid.o
#        E:\sdk\zg\dengpao_ps\out\IAR\Debug\Obj\ota.o
#        E:\sdk\zg\dengpao_ps\out\IAR\Debug\Obj\ota_hash.o
#        E:\sdk\zg\dengpao_ps\out\IAR\Debug\Obj\ota_md5.o
#        E:\sdk\zg\dengpao_ps\out\IAR\Debug\Obj\ota_test.o
#        E:\sdk\zg\dengpao_ps\out\IAR\Debug\Obj\padlock.o
#        E:\sdk\zg\dengpao_ps\out\IAR\Debug\Obj\pap.o
#        E:\sdk\zg\dengpao_ps\out\IAR\Debug\Obj\pbuf.o
#        E:\sdk\zg\dengpao_ps\out\IAR\Debug\Obj\pem.o
#        E:\sdk\zg\dengpao_ps\out\IAR\Debug\Obj\ping.o
#        E:\sdk\zg\dengpao_ps\out\IAR\Debug\Obj\ping_test.o
#        E:\sdk\zg\dengpao_ps\out\IAR\Debug\Obj\pk.o
#        E:\sdk\zg\dengpao_ps\out\IAR\Debug\Obj\pk_wrap.o
#        E:\sdk\zg\dengpao_ps\out\IAR\Debug\Obj\pkcs11.o
#        E:\sdk\zg\dengpao_ps\out\IAR\Debug\Obj\pkcs12.o
#        E:\sdk\zg\dengpao_ps\out\IAR\Debug\Obj\pkcs5.o
#        E:\sdk\zg\dengpao_ps\out\IAR\Debug\Obj\pkparse.o
#        E:\sdk\zg\dengpao_ps\out\IAR\Debug\Obj\pkwrite.o
#        E:\sdk\zg\dengpao_ps\out\IAR\Debug\Obj\platform.o
#        E:\sdk\zg\dengpao_ps\out\IAR\Debug\Obj\port.o
#        E:\sdk\zg\dengpao_ps\out\IAR\Debug\Obj\portasm.o
#        E:\sdk\zg\dengpao_ps\out\IAR\Debug\Obj\ppp.o
#        E:\sdk\zg\dengpao_ps\out\IAR\Debug\Obj\ppp_oe.o
#        E:\sdk\zg\dengpao_ps\out\IAR\Debug\Obj\proto_parser_pack.o
#        E:\sdk\zg\dengpao_ps\out\IAR\Debug\Obj\protocol_handle.o
#        E:\sdk\zg\dengpao_ps\out\IAR\Debug\Obj\queue.o
#        E:\sdk\zg\dengpao_ps\out\IAR\Debug\Obj\randm.o
#        E:\sdk\zg\dengpao_ps\out\IAR\Debug\Obj\raw.o
#        E:\sdk\zg\dengpao_ps\out\IAR\Debug\Obj\Remote.o
#        E:\sdk\zg\dengpao_ps\out\IAR\Debug\Obj\ripemd160.o
#        E:\sdk\zg\dengpao_ps\out\IAR\Debug\Obj\rsa.o
#        E:\sdk\zg\dengpao_ps\out\IAR\Debug\Obj\rsa_internal.o
#        E:\sdk\zg\dengpao_ps\out\IAR\Debug\Obj\rtc_test.o
#        E:\sdk\zg\dengpao_ps\out\IAR\Debug\Obj\RTC_time.o
#        E:\sdk\zg\dengpao_ps\out\IAR\Debug\Obj\s907x_cortex.o
#        E:\sdk\zg\dengpao_ps\out\IAR\Debug\Obj\s907x_fota.o
#        E:\sdk\zg\dengpao_ps\library\IAR\s907x_net.a
#        E:\sdk\zg\dengpao_ps\library\IAR\s907x_platform.a
#        E:\sdk\zg\dengpao_ps\out\IAR\Debug\Obj\s907x_pwm.o
#        E:\sdk\zg\dengpao_ps\out\IAR\Debug\Obj\s907x_store.o
#        E:\sdk\zg\dengpao_ps\out\IAR\Debug\Obj\s907x_wlan.o
#        E:\sdk\zg\dengpao_ps\out\IAR\Debug\Obj\sci_lwiperf.o
#        E:\sdk\zg\dengpao_ps\out\IAR\Debug\Obj\sha1.o
#        E:\sdk\zg\dengpao_ps\out\IAR\Debug\Obj\sha256.o
#        E:\sdk\zg\dengpao_ps\out\IAR\Debug\Obj\sha512.o
#        E:\sdk\zg\dengpao_ps\out\IAR\Debug\Obj\slipif.o
#        E:\sdk\zg\dengpao_ps\out\IAR\Debug\Obj\sntp.o
#        E:\sdk\zg\dengpao_ps\out\IAR\Debug\Obj\sntp_api.o
#        E:\sdk\zg\dengpao_ps\out\IAR\Debug\Obj\sntp_time.o
#        E:\sdk\zg\dengpao_ps\out\IAR\Debug\Obj\sockets.o
#        E:\sdk\zg\dengpao_ps\out\IAR\Debug\Obj\spi_test.o
#        E:\sdk\zg\dengpao_ps\out\IAR\Debug\Obj\ssl_cache.o
#        E:\sdk\zg\dengpao_ps\out\IAR\Debug\Obj\ssl_ciphersuites.o
#        E:\sdk\zg\dengpao_ps\out\IAR\Debug\Obj\ssl_cli.o
#        E:\sdk\zg\dengpao_ps\out\IAR\Debug\Obj\ssl_cookie.o
#        E:\sdk\zg\dengpao_ps\out\IAR\Debug\Obj\ssl_srv.o
#        E:\sdk\zg\dengpao_ps\out\IAR\Debug\Obj\ssl_ticket.o
#        E:\sdk\zg\dengpao_ps\out\IAR\Debug\Obj\ssl_tls.o
#        E:\sdk\zg\dengpao_ps\out\IAR\Debug\Obj\stats.o
#        E:\sdk\zg\dengpao_ps\out\IAR\Debug\Obj\store.o
#        E:\sdk\zg\dengpao_ps\out\IAR\Debug\Obj\stream_buffer.o
#        E:\sdk\zg\dengpao_ps\out\IAR\Debug\Obj\Sun_func.o
#        E:\sdk\zg\dengpao_ps\out\IAR\Debug\Obj\sys.o
#        E:\sdk\zg\dengpao_ps\out\IAR\Debug\Obj\sys_arch.o
#        E:\sdk\zg\dengpao_ps\out\IAR\Debug\Obj\system_start.o
#        E:\sdk\zg\dengpao_ps\out\IAR\Debug\Obj\tasks.o
#        E:\sdk\zg\dengpao_ps\out\IAR\Debug\Obj\tcp.o
#        E:\sdk\zg\dengpao_ps\out\IAR\Debug\Obj\tcp_client.o
#        E:\sdk\zg\dengpao_ps\out\IAR\Debug\Obj\tcp_in.o
#        E:\sdk\zg\dengpao_ps\out\IAR\Debug\Obj\tcp_out.o
#        E:\sdk\zg\dengpao_ps\out\IAR\Debug\Obj\tcp_perf.o
#        E:\sdk\zg\dengpao_ps\out\IAR\Debug\Obj\tcpip.o
#        E:\sdk\zg\dengpao_ps\out\IAR\Debug\Obj\threading.o
#        E:\sdk\zg\dengpao_ps\out\IAR\Debug\Obj\timer_test.o
#        E:\sdk\zg\dengpao_ps\out\IAR\Debug\Obj\timers.o
#        E:\sdk\zg\dengpao_ps\out\IAR\Debug\Obj\timing.o
#        E:\sdk\zg\dengpao_ps\out\IAR\Debug\Obj\transport.o
#        E:\sdk\zg\dengpao_ps\out\IAR\Debug\Obj\tuya_test.o
#        E:\sdk\zg\dengpao_ps\out\IAR\Debug\Obj\uart_test.o
#        E:\sdk\zg\dengpao_ps\out\IAR\Debug\Obj\udp.o
#        E:\sdk\zg\dengpao_ps\out\IAR\Debug\Obj\udp_perf.o
#        E:\sdk\zg\dengpao_ps\out\IAR\Debug\Obj\utils.o
#        E:\sdk\zg\dengpao_ps\out\IAR\Debug\Obj\version.o
#        E:\sdk\zg\dengpao_ps\out\IAR\Debug\Obj\version_features.o
#        E:\sdk\zg\dengpao_ps\out\IAR\Debug\Obj\vj.o
#        E:\sdk\zg\dengpao_ps\out\IAR\Debug\Obj\wdg_test.o
#        E:\sdk\zg\dengpao_ps\out\IAR\Debug\Obj\WIFI_config.o
#        E:\sdk\zg\dengpao_ps\out\IAR\Debug\Obj\wlan_test.o
#        E:\sdk\zg\dengpao_ps\out\IAR\Debug\Obj\x509.o
#        E:\sdk\zg\dengpao_ps\out\IAR\Debug\Obj\x509_create.o
#        E:\sdk\zg\dengpao_ps\out\IAR\Debug\Obj\x509_crl.o
#        E:\sdk\zg\dengpao_ps\out\IAR\Debug\Obj\x509_crt.o
#        E:\sdk\zg\dengpao_ps\out\IAR\Debug\Obj\x509_csr.o
#        E:\sdk\zg\dengpao_ps\out\IAR\Debug\Obj\x509write_crt.o
#        E:\sdk\zg\dengpao_ps\out\IAR\Debug\Obj\x509write_csr.o
#        E:\sdk\zg\dengpao_ps\out\IAR\Debug\Obj\xtea.o
#        E:\sdk\zg\dengpao_ps\out\IAR\Debug\Obj\ZG_AT_CMD.o
#        E:\sdk\zg\dengpao_ps\out\IAR\Debug\Obj\zg_entry.o
#        E:\sdk\zg\dengpao_ps\out\IAR\Debug\Obj\zg_main.o
#        E:\sdk\zg\dengpao_ps\out\IAR\Debug\Obj\ZG_system.o --redirect
#        _Printf=_PrintfFull -o
#        E:\sdk\zg\dengpao_ps\out\IAR\Debug\Exe\application.axf --map
#        E:\sdk\zg\dengpao_ps\example\main\project\IAR\..\..\..\..\out\IAR\Debug\List\application.map
#        --config
#        E:\sdk\zg\dengpao_ps\example\main\project\IAR\..\..\..\..\script\links\IAR\image.icf
#        --semihosting --entry system_ll_reset --vfe
#
###############################################################################

*******************************************************************************
*** MESSAGES
***


  place at start of USER_RAM_REGION  { readwrite, 
  ^
"E:\sdk\zg\dengpao_ps\example\main\project\IAR\..\..\..\..\script\links\IAR\image.icf",80  Warning[Lp005]: 
          placement includes a mix of sections with content (example "rw data s
          ection .system.entry.data in system_start.o symbols: [system_entry]")
          and sections without content (example
          "zi section .bss in at_cmd.o symbols: [at_hdl]")


*******************************************************************************
*** RUNTIME MODEL ATTRIBUTES
***

CppFlavor                     = *
__Heap_Handler                = DLMalloc
__SystemLibrary               = DLib
__dlib_dynamic_initialization = normal


*******************************************************************************
*** PLACEMENT SUMMARY
***

"A1":  place at start of [0x10015900-0x1002dfff] {
          rw, block .ota1_ram.data, block .ota1_ram.bss, section .intvec,
          block .heap.start };
"A2":  place at start of [0x18060020-0x181fffff] { rw, block .ota1_image.text };
"A3":  place at start of [0x10046000-0x10046fff] { rw, block HEAP };

  Section                 Kind        Address     Size  Object
  -------                 ----        -------     ----  ------
"A1":                                           0xf874
  .ota1_ram.data                   0x10015900    0x4b4  <Block>
    .system.entry                  0x10015900      0xc  <Block>
      .system.entry.data  rw data  0x10015900      0xc  system_start.o [1]
    .ram.data                      0x1001590c    0x4a8  <Block>
      .data               rw data  0x1001590c    0x230  at_cmd.o [1]
      .data               rw data  0x10015b3c     0x38  at_test.o [1]
      .data               rw data  0x10015b74      0x4  debuginfo.o [1]
      .data               rw data  0x10015b78      0x4  debuginfo.o [1]
      .data               rw data  0x10015b7c      0x4  dhcps.o [1]
      .data               rw data  0x10015b80      0x4  dhcps.o [1]
      .data               rw data  0x10015b84      0x4  ecp_curves.o [1]
      .data               rw data  0x10015b88      0x8  ecp_curves.o [1]
      .data               rw data  0x10015b90      0x8  ecp_curves.o [1]
      .data               rw data  0x10015b98      0x8  ecp_curves.o [1]
      .data               rw data  0x10015ba0      0x8  Light_fun.o [1]
      .data               rw data  0x10015ba8      0x4  platform.o [1]
      .data               rw data  0x10015bac      0x4  platform.o [1]
      .data               rw data  0x10015bb0      0x4  port.o [1]
      .data               rw data  0x10015bb4     0x30  RTC_time.o [1]
      .data               rw data  0x10015be4     0x14  ssl_tls.o [1]
      .data               rw data  0x10015bf8     0x18  ssl_tls.o [1]
      .data               rw data  0x10015c10      0xc  ssl_tls.o [1]
      .data               rw data  0x10015c1c      0xc  ssl_tls.o [1]
      .data               rw data  0x10015c28      0x4  ssl_tls.o [1]
      .data               rw data  0x10015c2c      0x4  tcp.o [1]
      .data               rw data  0x10015c30      0x4  tcp_client.o [1]
      .data               rw data  0x10015c34      0x4  tcp_client.o [1]
      .data               rw data  0x10015c38      0x4  tcp_perf.o [1]
      .data               rw data  0x10015c3c      0x4  tcp_perf.o [1]
      .data               rw data  0x10015c40     0x14  WIFI_config.o [1]
      .data               rw data  0x10015c54      0x2  fota.o [1]
      .data               rw data  0x10015c56      0x2  tcp.o [1]
      .data               rw data  0x10015c58      0x2  udp.o [1]
      .data               rw data  0x10015c5a      0x1  dhcps.o [1]
      .data               rw data  0x10015c5b      0x1  Light_fun.o [1]
      .data               rw data  0x10015c5c      0x1  Light_fun.o [1]
      .data               rw data  0x10015c5d      0x1  tcp_client.o [1]
      .iar.init_table     const    0x10015c60     0x18  - Linker created -
      __DLIB_PERTHREAD    rw data  0x10015c78     0x2c  xttotm.o [3]
      __DLIB_PERTHREAD    rw data  0x10015ca4      0x8  localtim.o [3]
      __DLIB_PERTHREAD    rw data  0x10015cac     0x88  localeconv.o [3]
      __DLIB_PERTHREAD    rw data  0x10015d34     0x74  setlocale.o [3]
      __DLIB_PERTHREAD    rw data  0x10015da8      0x4  errno.o [3]
      __DLIB_PERTHREAD    rw data  0x10015dac      0x4  xisdst.o [3]
      __DLIB_PERTHREAD    rw data  0x10015db0      0x4  xisdstData.o [3]
      CPP_INIT                     0x10015db4      0x0  <Block>
        SHT$$PREINIT_ARRAY
                                   0x10015db4      0x0  <Block>
        SHT$$INIT_ARRAY            0x10015db4      0x0  <Block>
  .ota1_ram.bss                    0x10015db8   0xf3bc  <Block>
    .bss                  zero     0x10015db8      0x8  RTC_time.o [1]
    .bss                  zero     0x10015dc0      0x8  RTC_time.o [1]
    .bss                  zero     0x10015dc8      0x8  RTC_time.o [1]
    .bss                  zero     0x10015dd0    0xb80  at_cmd.o [1]
    .bss                  zero     0x10016950     0x1c  at_cmd.o [1]
    .bss                  zero     0x1001696c      0xc  auto_report.o [1]
    .bss                  zero     0x10016978      0x4  auto_report.o [1]
    .bss                  zero     0x1001697c      0x4  auto_report.o [1]
    .bss                  zero     0x10016980      0x4  auto_report.o [1]
    .bss                  zero     0x10016984      0x4  auto_report.o [1]
    .bss                  zero     0x10016988     0x60  clock.o [1]
    .bss                  zero     0x100169e8      0x8  clock.o [1]
    .bss                  zero     0x100169f0      0x4  color.o [1]
    .bss                  zero     0x100169f4      0x4  color.o [1]
    .bss                  zero     0x100169f8      0x4  debug.o [1]
    .bss                  zero     0x100169fc      0x4  debuginfo.o [1]
    .bss                  zero     0x10016a00      0x4  debuginfo.o [1]
    .bss                  zero     0x10016a04      0x4  debuginfo.o [1]
    .bss                  zero     0x10016a08     0x28  dhcp.o [1]
    .bss                  zero     0x10016a30      0xc  dhcp.o [1]
    .bss                  zero     0x10016a3c      0x4  dhcp.o [1]
    .bss                  zero     0x10016a40      0x4  dhcps.o [1]
    .bss                  zero     0x10016a44      0x4  dhcps.o [1]
    .bss                  zero     0x10016a48      0x4  dhcps.o [1]
    .bss                  zero     0x10016a4c      0x4  dhcps.o [1]
    .bss                  zero     0x10016a50      0x4  dhcps.o [1]
    .bss                  zero     0x10016a54      0x4  dhcps.o [1]
    .bss                  zero     0x10016a58      0x4  dhcps.o [1]
    .bss                  zero     0x10016a5c      0x4  dhcps.o [1]
    .bss                  zero     0x10016a60      0x4  dhcps.o [1]
    .bss                  zero     0x10016a64      0x4  dhcps.o [1]
    .bss                  zero     0x10016a68      0x4  dhcps.o [1]
    .bss                  zero     0x10016a6c      0x4  dhcps.o [1]
    .bss                  zero     0x10016a70      0x4  dhcps.o [1]
    .bss                  zero     0x10016a74      0x4  dhcps.o [1]
    .bss                  zero     0x10016a78      0x4  dhcps.o [1]
    .bss                  zero     0x10016a7c      0x4  dhcps.o [1]
    .bss                  zero     0x10016a80      0x4  dhcps.o [1]
    .bss                  zero     0x10016a84    0x620  dhcps.o [1]
    .bss                  zero     0x100170a4      0x4  dhcps.o [1]
    .bss                  zero     0x100170a8      0x8  dhcps.o [1]
    .bss                  zero     0x100170b0      0x4  dhcps.o [1]
    .bss                  zero     0x100170b4      0x4  dhcps.o [1]
    .bss                  zero     0x100170b8     0x10  dns.o [1]
    .bss                  zero     0x100170c8    0x440  dns.o [1]
    .bss                  zero     0x10017508     0x30  dns.o [1]
    .bss                  zero     0x10017538      0x8  dns.o [1]
    .bss                  zero     0x10017540    0x204  dns.o [1]
    .bss                  zero     0x10017744      0x4  dns.o [1]
    .bss                  zero     0x10017748      0xc  ecp.o [1]
    .bss                  zero     0x10017754      0x4  ecp.o [1]
    .bss                  zero     0x10017758    0x158  encryption.o [1]
    .bss                  zero     0x100178b0     0x20  encryption.o [1]
    .bss                  zero     0x100178d0     0xc8  etharp.o [1]
    .bss                  zero     0x10017998      0x4  etharp.o [1]
    .bss                  zero     0x1001799c    0x100  fota.o [1]
    .bss                  zero     0x10017a9c     0x10  fota.o [1]
    .bss                  zero     0x10017aac     0x34  fota.o [1]
    .bss                  zero     0x10017ae0      0x4  fota.o [1]
    .bss                  zero     0x10017ae4      0x4  fota.o [1]
    .bss                  zero     0x10017ae8    0x400  freertos_callback.o [1]
    .bss                  zero     0x10017ee8   0x1000  freertos_callback.o [1]
    .bss                  zero     0x10018ee8     0x68  freertos_callback.o [1]
    .bss                  zero     0x10018f50     0x68  freertos_callback.o [1]
    .bss                  zero     0x10018fb8      0x8  heap_5.o [1]
    .bss                  zero     0x10018fc0      0x4  heap_5.o [1]
    .bss                  zero     0x10018fc4      0x4  heap_5.o [1]
    .bss                  zero     0x10018fc8      0x4  heap_5.o [1]
    .bss                  zero     0x10018fcc      0x4  heap_5.o [1]
    .bss                  zero     0x10018fd0      0x4  igmp.o [1]
    .bss                  zero     0x10018fd4      0x4  igmp.o [1]
    .bss                  zero     0x10018fd8      0x4  igmp.o [1]
    .bss                  zero     0x10018fdc      0x4  ip.o [1]
    .bss                  zero     0x10018fe0      0x4  ip.o [1]
    .bss                  zero     0x10018fe4      0x4  ip.o [1]
    .bss                  zero     0x10018fe8      0x4  ip.o [1]
    .bss                  zero     0x10018fec     0x10  ip_addr.o [1]
    .bss                  zero     0x10018ffc      0x4  ip_frag.o [1]
    .bss                  zero     0x10019000     0x28  kv.o [1]
    .bss                  zero     0x10019028     0x48  Light_fun.o [1]
    .bss                  zero     0x10019070      0xc  Light_fun.o [1]
    .bss                  zero     0x1001907c      0xc  Light_fun.o [1]
    .bss                  zero     0x10019088      0xc  Light_fun.o [1]
    .bss                  zero     0x10019094      0x4  Light_fun.o [1]
    .bss                  zero     0x10019098      0x4  Light_fun.o [1]
    .bss                  zero     0x1001909c      0x4  Light_fun.o [1]
    .bss                  zero     0x100190a0      0x4  Light_fun.o [1]
    .bss                  zero     0x100190a4      0x4  Light_fun.o [1]
    .bss                  zero     0x100190a8      0xc  Light_fun.o [1]
    .bss                  zero     0x100190b4      0x4  Light_fun.o [1]
    .bss                  zero     0x100190b8     0xbc  Light_fun.o [1]
    .bss                  zero     0x10019174      0x4  Light_fun.o [1]
    .bss                  zero     0x10019178      0x4  Light_fun.o [1]
    .bss                  zero     0x1001917c      0x4  Light_fun.o [1]
    .bss                  zero     0x10019180      0x4  lwip_timers.o [1]
    .bss                  zero     0x10019184      0x4  lwip_timers.o [1]
    .bss                  zero     0x10019188   0x1414  mem.o [1]
    .bss                  zero     0x1001a59c      0x4  mem.o [1]
    .bss                  zero     0x1001a5a0      0x4  mem.o [1]
    .bss                  zero     0x1001a5a4      0x4  mem.o [1]
    .bss                  zero     0x1001a5a8      0x4  mem.o [1]
    .bss                  zero     0x1001a5ac     0x40  memp.o [1]
    .bss                  zero     0x1001a5ec   0x9284  memp.o [1]
    .bss                  zero     0x10023870      0x4  netif.o [1]
    .bss                  zero     0x10023874      0x4  netif.o [1]
    .bss                  zero     0x10023878      0xc  ota.o [1]
    .bss                  zero     0x10023884      0x4  ota.o [1]
    .bss                  zero     0x10023888      0x4  ping.o [1]
    .bss                  zero     0x1002388c      0x4  ping.o [1]
    .bss                  zero     0x10023890     0x10  ping.o [1]
    .bss                  zero     0x100238a0      0x4  ping.o [1]
    .bss                  zero     0x100238a4      0x4  ping.o [1]
    .bss                  zero     0x100238a8      0x4  port.o [1]
    .bss                  zero     0x100238ac      0x4  port.o [1]
    .bss                  zero     0x100238b0      0x4  port.o [1]
    .bss                  zero     0x100238b4      0x4  raw.o [1]
    .bss                  zero     0x100238b8     0x64  RTC_time.o [1]
    .bss                  zero     0x1002391c      0x4  s907x_fota.o [1]
    .bss                  zero     0x10023920      0x4  s907x_fota.o [1]
    .bss                  zero     0x10023924      0x4  s907x_fota.o [1]
    .bss                  zero     0x10023928      0x4  s907x_fota.o [1]
    .bss                  zero     0x1002392c     0x84  s907x_fota.o [1]
    .bss                  zero     0x100239b0      0x4  s907x_fota.o [1]
    .bss                  zero     0x100239b4    0xbb8  s907x_wlan.o [1]
    .bss                  zero     0x1002456c    0x120  sockets.o [1]
    .bss                  zero     0x1002468c      0x4  sockets.o [1]
    .bss                  zero     0x10024690      0x4  sockets.o [1]
    .bss                  zero     0x10024694      0xc  Sun_func.o [1]
    .bss                  zero     0x100246a0      0x4  Sun_func.o [1]
    .bss                  zero     0x100246a4      0x4  Sun_func.o [1]
    .bss                  zero     0x100246a8      0x4  Sun_func.o [1]
    .bss                  zero     0x100246ac      0x4  Sun_func.o [1]
    .bss                  zero     0x100246b0      0x4  Sun_func.o [1]
    .bss                  zero     0x100246b4     0x30  sys_arch.o [1]
    .bss                  zero     0x100246e4      0x4  system_start.o [1]
    .bss                  zero     0x100246e8     0x28  system_start.o [1]
    .bss                  zero     0x10024710      0x4  system_start.o [1]
    .bss                  zero     0x10024714      0x4  tasks.o [1]
    .bss                  zero     0x10024718     0xdc  tasks.o [1]
    .bss                  zero     0x100247f4     0x14  tasks.o [1]
    .bss                  zero     0x10024808     0x14  tasks.o [1]
    .bss                  zero     0x1002481c      0x4  tasks.o [1]
    .bss                  zero     0x10024820      0x4  tasks.o [1]
    .bss                  zero     0x10024824     0x14  tasks.o [1]
    .bss                  zero     0x10024838     0x14  tasks.o [1]
    .bss                  zero     0x1002484c      0x4  tasks.o [1]
    .bss                  zero     0x10024850     0x14  tasks.o [1]
    .bss                  zero     0x10024864      0x4  tasks.o [1]
    .bss                  zero     0x10024868      0x4  tasks.o [1]
    .bss                  zero     0x1002486c      0x4  tasks.o [1]
    .bss                  zero     0x10024870      0x4  tasks.o [1]
    .bss                  zero     0x10024874      0x4  tasks.o [1]
    .bss                  zero     0x10024878      0x4  tasks.o [1]
    .bss                  zero     0x1002487c      0x4  tasks.o [1]
    .bss                  zero     0x10024880      0x4  tasks.o [1]
    .bss                  zero     0x10024884      0x4  tasks.o [1]
    .bss                  zero     0x10024888      0x4  tasks.o [1]
    .bss                  zero     0x1002488c      0x4  tasks.o [1]
    .bss                  zero     0x10024890      0x4  tcp.o [1]
    .bss                  zero     0x10024894      0x4  tcp.o [1]
    .bss                  zero     0x10024898      0x4  tcp.o [1]
    .bss                  zero     0x1002489c      0x4  tcp.o [1]
    .bss                  zero     0x100248a0      0x4  tcp.o [1]
    .bss                  zero     0x100248a4      0x4  tcp.o [1]
    .bss                  zero     0x100248a8     0x40  tcp_client.o [1]
    .bss                  zero     0x100248e8      0x4  tcp_client.o [1]
    .bss                  zero     0x100248ec      0x4  tcp_client.o [1]
    .bss                  zero     0x100248f0      0x4  tcp_client.o [1]
    .bss                  zero     0x100248f4      0x4  tcp_client.o [1]
    .bss                  zero     0x100248f8      0x4  tcp_client.o [1]
    .bss                  zero     0x100248fc      0x4  tcp_client.o [1]
    .bss                  zero     0x10024900      0x4  tcp_client.o [1]
    .bss                  zero     0x10024904      0x4  tcp_client.o [1]
    .bss                  zero     0x10024908      0xc  tcp_client.o [1]
    .bss                  zero     0x10024914     0x10  tcp_client.o [1]
    .bss                  zero     0x10024924      0x4  tcp_client.o [1]
    .bss                  zero     0x10024928      0x4  tcp_client.o [1]
    .bss                  zero     0x1002492c      0x4  tcp_client.o [1]
    .bss                  zero     0x10024930      0x4  tcp_client.o [1]
    .bss                  zero     0x10024934      0x4  tcp_client.o [1]
    .bss                  zero     0x10024938     0xc8  tcp_client.o [1]
    .bss                  zero     0x10024a00      0x4  tcp_client.o [1]
    .bss                  zero     0x10024a04      0x4  tcp_client.o [1]
    .bss                  zero     0x10024a08      0x4  tcp_client.o [1]
    .bss                  zero     0x10024a0c      0x4  tcp_client.o [1]
    .bss                  zero     0x10024a10      0x4  tcp_client.o [1]
    .bss                  zero     0x10024a14      0x4  tcp_client.o [1]
    .bss                  zero     0x10024a18      0x4  tcp_client.o [1]
    .bss                  zero     0x10024a1c     0x10  tcp_in.o [1]
    .bss                  zero     0x10024a2c      0x4  tcp_in.o [1]
    .bss                  zero     0x10024a30      0x4  tcp_in.o [1]
    .bss                  zero     0x10024a34      0x4  tcp_in.o [1]
    .bss                  zero     0x10024a38      0x4  tcp_in.o [1]
    .bss                  zero     0x10024a3c      0x4  tcp_in.o [1]
    .bss                  zero     0x10024a40      0x4  tcp_in.o [1]
    .bss                  zero     0x10024a44     0x10  tcp_perf.o [1]
    .bss                  zero     0x10024a54     0x10  tcp_perf.o [1]
    .bss                  zero     0x10024a64     0x10  tcp_perf.o [1]
    .bss                  zero     0x10024a74      0x4  tcp_perf.o [1]
    .bss                  zero     0x10024a78      0x4  tcpip.o [1]
    .bss                  zero     0x10024a7c      0x4  tcpip.o [1]
    .bss                  zero     0x10024a80      0x4  tcpip.o [1]
    .bss                  zero     0x10024a84      0x4  tcpip.o [1]
    .bss                  zero     0x10024a88     0x14  timers.o [1]
    .bss                  zero     0x10024a9c     0x14  timers.o [1]
    .bss                  zero     0x10024ab0      0x4  timers.o [1]
    .bss                  zero     0x10024ab4      0x4  timers.o [1]
    .bss                  zero     0x10024ab8      0x4  timers.o [1]
    .bss                  zero     0x10024abc      0x4  timers.o [1]
    .bss                  zero     0x10024ac0      0x4  timers.o [1]
    .bss                  zero     0x10024ac4     0x48  timers.o [1]
    .bss                  zero     0x10024b0c    0x140  timers.o [1]
    .bss                  zero     0x10024c4c      0x4  udp.o [1]
    .bss                  zero     0x10024c50      0x4  udp_perf.o [1]
    .bss                  zero     0x10024c54     0x10  udp_perf.o [1]
    .bss                  zero     0x10024c64      0x4  udp_perf.o [1]
    .bss                  zero     0x10024c68      0x4  udp_perf.o [1]
    .bss                  zero     0x10024c6c      0xc  WIFI_config.o [1]
    .bss                  zero     0x10024c78      0x8  WIFI_config.o [1]
    .bss                  zero     0x10024c80     0x10  WIFI_config.o [1]
    .bss                  zero     0x10024c90     0x68  WIFI_config.o [1]
    .bss                  zero     0x10024cf8      0x4  WIFI_config.o [1]
    .bss                  zero     0x10024cfc      0x4  WIFI_config.o [1]
    .bss                  zero     0x10024d00      0x4  ZG_AT_CMD.o [1]
    .bss                  zero     0x10024d04      0x4  ZG_AT_CMD.o [1]
    .bss                  zero     0x10024d08      0x4  ZG_AT_CMD.o [1]
    .bss                  zero     0x10024d0c     0x28  ZG_system.o [1]
    .bss                  zero     0x10024d34     0x20  ZG_system.o [1]
    .bss                  zero     0x10024d54      0x4  ZG_system.o [1]
    .bss                  zero     0x10024d58      0x4  ZG_system.o [1]
    .bss                  zero     0x10024d5c      0x4  ZG_system.o [1]
    .bss                  zero     0x10024d60      0x4  ZG_system.o [1]
    .bss                  zero     0x10024d64      0x4  os_api.o [7]
    .bss                  zero     0x10024d68      0x4  mbedtls_crypto.o [6]
    .bss                  zero     0x10024d6c     0xc4  wlan_api.o [7]
    .bss                  zero     0x10024e30      0x4  wlan_uart_utils.o [6]
    .bss                  zero     0x10024e34      0x4  wlan_uart_utils.o [6]
    .bss                  zero     0x10024e38      0x4  wlan_uart_utils.o [6]
    .bss                  zero     0x10024e3c      0x4  wlan_uart_utils.o [6]
    .bss                  zero     0x10024e40     0x88  lwip_conf.o [6]
    .bss                  zero     0x10024ec8     0x20  lwip_conf.o [6]
    .bss                  zero     0x10024ee8      0x4  lwip_conf.o [6]
    .bss                  zero     0x10024eec     0x44  lwip_conf.o [6]
    .bss                  zero     0x10024f30      0x4  hal_flash.o [7]
    .bss                  zero     0x10024f34      0x4  hal_flash.o [7]
    .bss                  zero     0x10024f38      0x4  hal_flash.o [7]
    .bss                  zero     0x10024f3c     0x18  dlmalloc.o [3]
    .bss                  zero     0x10024f54    0x1d8  dlmalloc.o [3]
    .bss                  zero     0x1002512c      0x4  xgetmemchunk.o [3]
    .bss                  zero     0x10025130      0x2  ip.o [1]
    .bss                  zero     0x10025132      0x2  ip_frag.o [1]
    .bss                  zero     0x10025134      0x2  sys_arch.o [1]
    .bss                  zero     0x10025136      0x2  tcp_in.o [1]
    .bss                  zero     0x10025138      0x1  auto_report.o [1]
    .bss                  zero     0x10025139      0x1  auto_report.o [1]
    .bss                  zero     0x1002513a      0x1  auto_report.o [1]
    .bss                  zero     0x1002513b      0x1  clock.o [1]
    .bss                  zero     0x1002513c      0x1  clock.o [1]
    .bss                  zero     0x1002513d      0x1  dhcps.o [1]
    .bss                  zero     0x1002513e      0x1  dns.o [1]
    .bss                  zero     0x1002513f      0x1  dns.o [1]
    .bss                  zero     0x10025140      0x1  etharp.o [1]
    .bss                  zero     0x10025141      0x1  fota.o [1]
    .bss                  zero     0x10025142      0x1  Light_fun.o [1]
    .bss                  zero     0x10025143      0x1  Light_fun.o [1]
    .bss                  zero     0x10025144      0x1  Light_fun.o [1]
    .bss                  zero     0x10025145      0x1  Light_fun.o [1]
    .bss                  zero     0x10025146      0x1  Light_fun.o [1]
    .bss                  zero     0x10025147      0x1  Light_fun.o [1]
    .bss                  zero     0x10025148      0x1  Light_fun.o [1]
    .bss                  zero     0x10025149      0x1  Light_fun.o [1]
    .bss                  zero     0x1002514a      0x1  Light_fun.o [1]
    .bss                  zero     0x1002514b      0x1  Light_fun.o [1]
    .bss                  zero     0x1002514c      0x1  Light_fun.o [1]
    .bss                  zero     0x1002514d      0x1  Light_fun.o [1]
    .bss                  zero     0x1002514e      0x1  Light_fun.o [1]
    .bss                  zero     0x1002514f      0x1  Light_fun.o [1]
    .bss                  zero     0x10025150      0x1  Light_fun.o [1]
    .bss                  zero     0x10025151      0x1  Light_fun.o [1]
    .bss                  zero     0x10025152      0x1  Light_fun.o [1]
    .bss                  zero     0x10025153      0x1  Light_fun.o [1]
    .bss                  zero     0x10025154      0x1  Light_fun.o [1]
    .bss                  zero     0x10025155      0x1  Light_fun.o [1]
    .bss                  zero     0x10025156      0x1  Light_fun.o [1]
    .bss                  zero     0x10025157      0x1  netif.o [1]
    .bss                  zero     0x10025158      0x1  pbuf.o [1]
    .bss                  zero     0x10025159      0x1  s907x_wlan.o [1]
    .bss                  zero     0x1002515a      0x1  Sun_func.o [1]
    .bss                  zero     0x1002515b      0x1  Sun_func.o [1]
    .bss                  zero     0x1002515c      0x1  Sun_func.o [1]
    .bss                  zero     0x1002515d      0x1  tcp.o [1]
    .bss                  zero     0x1002515e      0x1  tcp.o [1]
    .bss                  zero     0x1002515f      0x1  tcp.o [1]
    .bss                  zero     0x10025160      0x1  tcp_client.o [1]
    .bss                  zero     0x10025161      0x1  tcp_client.o [1]
    .bss                  zero     0x10025162      0x1  tcp_client.o [1]
    .bss                  zero     0x10025163      0x1  tcp_client.o [1]
    .bss                  zero     0x10025164      0x1  tcp_in.o [1]
    .bss                  zero     0x10025165      0x1  tcp_in.o [1]
    .bss                  zero     0x10025166      0x1  WIFI_config.o [1]
    .bss                  zero     0x10025167      0x1  WIFI_config.o [1]
    .bss                  zero     0x10025168      0x1  ZG_AT_CMD.o [1]
    .bss                  zero     0x10025169      0x1  ZG_AT_CMD.o [1]
    .bss                  zero     0x1002516a      0x1  ZG_system.o [1]
    .bss                  zero     0x1002516b      0x1  ZG_system.o [1]
    .bss                  zero     0x1002516c      0x1  ZG_system.o [1]
    .bss                  zero     0x1002516d      0x1  wlan_uart_utils.o [6]
    .bss                  zero     0x1002516e      0x1  wlan_uart_utils.o [6]
  .heap.start                      0x10025170      0x4  <Block>
    .heap.start.data      zero     0x10025170      0x1  freertos_callback.o [1]
                                 - 0x10025174   0xf874

"A3":                                           0x1000
  HEAP                             0x10046000   0x1000  <Block>
    HEAP                  uninit   0x10046000   0x1000  <Block tail>
                                 - 0x10047000   0x1000

"A2":                                          0x5e2fc
  .ota1_image.text                 0x18060020  0x5e2fc  <Block>
    .text                 ro code  0x18060020    0x60c  api_lib.o [1]
    .text                 ro code  0x1806062c    0xf00  api_msg.o [1]
    .text                 ro code  0x1806152c    0x274  tcpip.o [1]
    .text                 ro code  0x180617a0    0x248  sys_arch.o [1]
    .text                 ro code  0x180619e8     0xd8  memp.o [1]
    .text                 ro code  0x18061ac0    0x650  pbuf.o [1]
    .text                 ro code  0x18062110     0x26  netbuf.o [1]
    .text                 ro code  0x18062136     0x1a  xsnprout.o [3]
    .text                 ro code  0x18062150   0x10c4  tcp.o [1]
    .text                 ro code  0x18063214    0x1e8  raw.o [1]
    .text                 ro code  0x180633fc    0x5ec  udp.o [1]
    .text                 ro code  0x180639e8    0xe18  tcp_out.o [1]
    .text                 ro code  0x18064800     0x42  strcmp_unaligned.o [5]
    .text                 ro code  0x18064842      0xa  xsprout.o [3]
    .text                 ro code  0x1806484c    0xaf0  dns.o [1]
    .text                 ro code  0x1806533c    0x320  lwip_timers.o [1]
    .text                 ro code  0x1806565c    0xb54  etharp.o [1]
    .text                 ro code  0x180661b0    0x504  ip.o [1]
    .text                 ro code  0x180666b4   0x10a4  tasks.o [1]
    .text                 ro code  0x18067758     0x2c  init.o [1]
    .text                 ro code  0x18067784    0x328  os_api.o [7]
    .text                 ro code  0x18067aac    0x888  queue.o [1]
    .text                 ro code  0x18068334    0x3c0  mem.o [1]
    .text                 ro code  0x180686f4    0x318  ip_addr.o [1]
    .text                 ro code  0x18068a0c     0x3e  def.o [1]
    .text                 ro code  0x18068a4a    0x1ac  inet_chksum.o [1]
    .text                 ro code  0x18068bf6     0x1e  xsscin.o [3]
    .text                 ro code  0x18068c14    0x234  icmp.o [1]
    .text                 ro code  0x18068e48     0x36  strlen.o [5]
    .text                 ro code  0x18068e80    0x710  ip_frag.o [1]
    .text                 ro code  0x18069590   0x12d2  dhcp.o [1]
    .text                 ro code  0x1806a864    0x3be  autoip.o [1]
    .text                 ro code  0x1806ac24    0x594  igmp.o [1]
    .text                 ro code  0x1806b1b8   0x18ac  tcp_in.o [1]
    .text                 ro code  0x1806ca64    0x294  heap_5.o [1]
    .text                 ro code  0x1806ccf8     0x66  ABImemset.o [5]
    .text                 ro code  0x1806cd5e     0x9e  list.o [1]
    .text                 ro code  0x1806cdfc    0x132  port.o [1]
    .text                 ro code  0x1806cf30     0xf8  freertos_callback.o [1]
    .text                 ro code  0x1806d028    0x4dc  timers.o [1]
    .text                 ro code  0x1806d504    0x256  netif.o [1]
    .text                 ro code  0x1806d75c   0x16e0  sockets.o [1]
    .text                 ro code  0x1806ee3c     0xda  helper.o [7]
    .text                 ro code  0x1806ef18     0x76  ABImemcpy_unaligned.o [5]
    .text                 ro code  0x1806ef90     0x30  I32ToDbl.o [4]
    .text                 ro code  0x1806efc0    0x1a2  DblMul.o [4]
    .text                 ro code  0x1806f164     0x58  DblToI32.o [4]
    .text                 ro code  0x1806f1bc    0x51c  wlan_api.o [7]
    .text                 ro code  0x1806f6d8     0x24  sscanf.o [3]
    .text                 ro code  0x1806f6fc    0x630  xscanflarge_nomb.o [3]
    .text                 ro code  0x1806fd2c     0x14  isxxx.o [3]
    .text                 ro code  0x1806fd40     0x16  strchr.o [5]
    .text                 ro code  0x1806fd58     0x58  memchr.o [5]
    .text                 ro code  0x1806fdb0     0x88  xstol.o [3]
    .text                 ro code  0x1806fe38    0x198  xstoul.o [3]
    .text                 ro code  0x1806ffd0     0x54  setlocale.o [3]
    .text                 ro code  0x18070024     0x14  xlocale_c.o [3]
    .text                 ro code  0x18070038      0xc  errno.o [3]
    .text                 ro code  0x18070044     0x14  tolower.o [3]
    .text                 ro code  0x18070058      0x2  xtls.o [3]
    .text                 ro code  0x1807005a      0xc  xlocale_c.o [3]
    .text                 ro code  0x18070068    0x474  asn1parse.o [1]
    .text                 ro code  0x180704dc   0x2708  bignum.o [1]
    .text                 ro code  0x18072be4     0xee  I64DivMod.o [5]
    .text                 ro code  0x18072cd4      0x2  I64DivZer.o [5]
    .text                 ro code  0x18072cd8    0x1e2  asn1write.o [1]
    .text                 ro code  0x18072ebc    0x894  at_cmd.o [1]
    .text                 ro code  0x18073750     0x2c  s907x_cortex.o [1]
    .text                 ro code  0x1807377c     0x4c  at_test.o [1]
    .text                 ro code  0x180737c8    0x258  wlan_uart_utils.o [6]
    .text                 ro code  0x18073a20     0x10  hal_loguart.o [7]
    .text                 ro code  0x18073a30     0xea  hal_interrupt.o [7]
    .text                 ro code  0x18073b1c    0x328  utils.o [1]
    .text                 ro code  0x18073e44      0x6  ABImemclr4.o [5]
    .text                 ro code  0x18073e4c    0x318  cal_test.o [1]
    .text                 ro code  0x18074164     0xe8  ping_test.o [1]
    .text                 ro code  0x1807424c     0x26  at_net_utils.o [6]
    .text                 ro code  0x18074274     0xd8  hal_flash.o [7]
    .text                 ro code  0x1807434c     0x34  sprintf.o [3]
    .text                 ro code  0x18074380     0x2e  kv_api.o [1]
    .text                 ro code  0x180743ae     0x10  ZG_AT_CMD.o [1]
    .text                 ro code  0x180743c0     0x32  ABImemset48.o [5]
    .text                 ro code  0x180743f2     0x2a  strncmp.o [3]
    .text                 ro code  0x1807441c      0x8  atoi.o [3]
    .text                 ro code  0x18074424    0x524  ping.o [1]
    .text                 ro code  0x18074948   0x1156  xprintffull.o [3]
    .text                 ro code  0x18075aa0    0xd6c  kv.o [1]
    .text                 ro code  0x1807680c     0x2c  strstr.o [3]
    .text                 ro code  0x18076838     0x20  xmbtowc.o [3]
    .text                 ro code  0x18076858      0xa  xmbcurmax.o [3]
    .text                 ro code  0x18076864   0x1550  dlmalloc.o [3]
    .text                 ro code  0x18077db4     0x1a  xwctomb.o [3]
    .text                 ro code  0x18077dce     0x42  xdnorm.o [4]
    .text                 ro code  0x18077e10     0x2e  DblCmpLe.o [4]
    .text                 ro code  0x18077e40     0x2e  DblCmpGe.o [4]
    .text                 ro code  0x18077e70    0x118  xdscale.o [4]
    .text                 ro code  0x18077f88    0x180  DblSub.o [4]
    .text                 ro code  0x18078108    0x256  DblDiv.o [4]
    .text                 ro code  0x18078360     0x6c  localeconv.o [3]
    .text                 ro code  0x180783cc      0xe  div.o [3]
    .text                 ro code  0x180783dc    0x16e  kv_adapt.o [1]
    .text                 ro code  0x1807854c     0x62  memcmp_unaligned.o [5]
    .text                 ro code  0x180785ae      0x2  kv_cli.o [1]
    .text                 ro code  0x180785b0     0x60  xencoding_sb.o [3]
    .text                 ro code  0x18078610      0x6  abort.o [3]
    .text                 ro code  0x18078618     0x2c  xgetmemchunk.o [3]
    .text                 ro code  0x18078644      0x6  ABImemclr.o [5]
    .text                 ro code  0x1807864c     0xe8  DblAdd.o [4]
    .text                 ro code  0x18078734     0x14  exit.o [8]
    .text                 ro code  0x18078748    0x494  auto_report.o [1]
    .text                 ro code  0x18078bdc    0x688  WIFI_config.o [1]
    .text                 ro code  0x18079264    0xea8  tcp_client.o [1]
    .text                 ro code  0x1807a10c   0x286c  Light_fun.o [1]
    .text                 ro code  0x1807c978    0x2ec  ZG_system.o [1]
    .text                 ro code  0x1807cc64    0x1f4  proto_parser_pack.o [1]
    .text                 ro code  0x1807ce58    0xb44  s907x_wlan.o [1]
    .text                 ro code  0x1807d99c     0x74  hal_wdg.o [7]
    .text                 ro code  0x1807da10    0x770  store.o [1]
    .text                 ro code  0x1807e180    0x264  event_groups.o [1]
    .text                 ro code  0x1807e3e4    0x15c  encryption.o [1]
    .text                 ro code  0x1807e540     0x6c  strncpy_unaligned.o [5]
    .text                 ro code  0x1807e5ac    0x24c  debuginfo.o [1]
    .text                 ro code  0x1807e7f8    0x130  netdb.o [1]
    .text                 ro code  0x1807e928    0x614  tcp_perf.o [1]
    .text                 ro code  0x1807ef3c    0x5c0  protocol_handle.o [1]
    .text                 ro code  0x1807f4fc    0x250  s907x_fota.o [1]
    .text                 ro code  0x1807f74c     0xd8  s907x_pwm.o [1]
    .text                 ro code  0x1807f824      0x8  abs.o [3]
    .text                 ro code  0x1807f82c     0x1c  color.o [1]
    .text                 ro code  0x1807f848    0x500  Sun_func.o [1]
    .text                 ro code  0x1807fd48    0x198  hal_timer.o [7]
    .text                 ro code  0x1807fee0     0x40  hal_pinmux.o [7]
    .text                 ro code  0x1807ff20    0x554  clock.o [1]
    .text                 ro code  0x18080474    0x200  udp_perf.o [1]
    .text                 ro code  0x18080674     0x44  strcpy_unaligned.o [5]
    .text                 ro code  0x180806b8    0x346  lwip_conf.o [6]
    .text                 ro code  0x18080a00    0x194  dhcpc.o [1]
    .text                 ro code  0x18080b94    0xa48  dhcps.o [1]
    .text                 ro code  0x180815dc     0x1c  strcat.o [3]
    .text                 ro code  0x180815f8     0x46  s907x_store.o [1]
    .text                 ro code  0x1808163e    0x19e  aes.o [1]
    .text                 ro code  0x180817dc    0xc7c  mbedtls_crypto.o [6]
    .text                 ro code  0x18082458    0x2f0  RTC_time.o [1]
    .text                 ro code  0x18082748    0xa8c  ota.o [1]
    .text                 ro code  0x180831d4    0x6d0  ota_hash.o [1]
    .text                 ro code  0x180838a4     0x44  snprintf.o [3]
    .text                 ro code  0x180838e8    0x27c  fota.o [1]
    .text                 ro code  0x18083b64     0x90  DblToFlt.o [4]
    .text                 ro code  0x18083bf4      0x2  timer_test.o [1]
    .text                 ro code  0x18083bf8    0xa6c  ZG_AT_CMD.o [1]
    .text                 ro code  0x18084664    0x474  des.o [1]
    .text                 ro code  0x18084ad8    0x114  hal_rtc.o [7]
    .text                 ro code  0x18084bec   0x1138  httpc_core.o [1]
    .text                 ro code  0x18085d24    0x2c6  httpc_api.o [1]
    .text                 ro code  0x18085fec     0x1e  U64Shr.o [5]
    .text                 ro code  0x1808600c   0x11bc  sha256.o [1]
    .text                 ro code  0x180871c8    0xb10  md5.o [1]
    .text                 ro code  0x18087cd8     0xd0  mktime.o [3]
    .text                 ro code  0x18087da8      0xa  gmtime.o [3]
    .text                 ro code  0x18087db4   0x78e4  ssl_tls.o [1]
    .text                 ro code  0x1808f698     0x78  ABImemmove_unaligned.o [5]
    .text                 ro code  0x1808f710     0x4e  strncasecmp.o [3]
    .text                 ro code  0x1808f760     0x18  platform.o [1]
    .text                 ro code  0x1808f778    0x71c  debug.o [1]
    .text                 ro code  0x1808fe94    0x1e4  net_sockets.o [1]
    .text                 ro code  0x18090078   0x2088  x509_crt.o [1]
    .text                 ro code  0x18092100    0x3fa  pk.o [1]
    .text                 ro code  0x180924fc   0x1104  pkparse.o [1]
    .text                 ro code  0x18093600    0x188  xttotm.o [3]
    .text                 ro code  0x18093788     0x9c  localtim.o [3]
    .text                 ro code  0x18093824   0x188c  sha1.o [1]
    .text                 ro code  0x180950b0    0x3e8  md.o [1]
    .text                 ro code  0x18095498    0xab8  cipher.o [1]
    .text                 ro code  0x18095f50     0xb4  ssl_ciphersuites.o [1]
    .text                 ro code  0x18096004   0x1624  sha512.o [1]
    .text                 ro code  0x18097628    0x6f0  dhm.o [1]
    .text                 ro code  0x18097d18    0x338  ecdh.o [1]
    .text                 ro code  0x18098050     0x22  I64Shl.o [5]
    .text                 ro code  0x18098074   0x3a74  ssl_cli.o [1]
    .text                 ro code  0x1809bae8   0x3f1c  ssl_srv.o [1]
    .text                 ro code  0x1809fa04   0x2488  ecp.o [1]
    .text                 ro code  0x180a1e8c     0x3c  vsnprint.o [3]
    .text                 ro code  0x180a1ec8    0xc18  x509.o [1]
    .text                 ro code  0x180a2ae0    0x44c  oid.o [1]
    .text                 ro code  0x180a2f2c    0x6f0  pem.o [1]
    .text                 ro code  0x180a361c   0x1b3e  rsa.o [1]
    .text                 ro code  0x180a515c   0x1aa4  ecp_curves.o [1]
    .text                 ro code  0x180a6c00    0x55c  pkcs12.o [1]
    .text                 ro code  0x180a715c    0x3fc  pkcs5.o [1]
    .text                 ro code  0x180a7558    0x134  xisdst.o [3]
    .text                 ro code  0x180a768c      0xa  getzone.o [3]
    .text                 ro code  0x180a7696     0x42  xgettime.o [3]
    .text                 ro code  0x180a76d8    0x97c  gcm.o [1]
    .text                 ro code  0x180a8054    0x63c  ccm.o [1]
    .text                 ro code  0x180a8690    0x17c  base64.o [1]
    .text                 ro code  0x180a880c    0x6aa  rsa_internal.o [1]
    .text                 ro code  0x180a8eb6    0x108  arc4.o [1]
    .text                 ro code  0x180a8fbe    0x164  xgetdst.o [3]
    .text                 ro code  0x180a9124    0x52a  blowfish.o [1]
    .text                 ro code  0x180a9650    0xd6a  camellia.o [1]
    .text                 ro code  0x180aa3bc    0x5e4  cipher_wrap.o [1]
    .text                 ro code  0x180aa9a0    0x65e  ecdsa.o [1]
    .text                 ro code  0x180aaffe    0x2ae  hmac_drbg.o [1]
    .text                 ro code  0x180ab2ac    0x300  md_wrap.o [1]
    .text                 ro code  0x180ab5ac   0x1a50  ripemd160.o [1]
    .text                 ro code  0x180acffc    0x3e4  pk_wrap.o [1]
    .text                 ro code  0x180ad3e0    0x360  system_start.o [1]
    .text                 ro code  0x180ad740    0x210  zg_main.o [1]
    .text                 ro code  0x180ad950      0xa  hal_sleep.o [7]
    .text                 ro code  0x180ad95c    0x158  ethernetif.o [6]
    .text                 ro code  0x180adab4     0x22  fpinit_M.o [4]
    .text                 ro code  0x180adad8     0x28  data_init.o [5]
    .text                 ro code  0x180adb00     0x40  zero_init3.o [5]
    .rodata               const    0x180adb40     0x80  gcm.o [1]
    .rodata               const    0x180adbc0    0x280  sha512.o [1]
    .rodata               const    0x180ade40      0x8  at_cmd.o [1]
    .rodata               const    0x180ade48      0x8  at_cmd.o [1]
    .rodata               const    0x180ade50      0x8  at_cmd.o [1]
    .rodata               const    0x180ade58      0x8  at_cmd.o [1]
    .rodata               const    0x180ade60      0x8  at_cmd.o [1]
    .rodata               const    0x180ade68      0x4  at_cmd.o [1]
    .rodata               const    0x180ade6c      0x8  at_cmd.o [1]
    .rodata               const    0x180ade74      0xc  at_cmd.o [1]
    .rodata               const    0x180ade80      0xc  at_cmd.o [1]
    .rodata               const    0x180ade8c      0xc  at_cmd.o [1]
    .rodata               const    0x180ade98      0x8  at_cmd.o [1]
    .rodata               const    0x180adea0      0x8  at_cmd.o [1]
    .rodata               const    0x180adea8      0x8  at_cmd.o [1]
    .rodata               const    0x180adeb0      0xc  at_cmd.o [1]
    .rodata               const    0x180adebc      0xc  at_cmd.o [1]
    .rodata               const    0x180adec8      0xc  at_cmd.o [1]
    .rodata               const    0x180aded4     0x10  at_cmd.o [1]
    .rodata               const    0x180adee4      0xc  at_cmd.o [1]
    .rodata               const    0x180adef0      0xc  at_cmd.o [1]
    .rodata               const    0x180adefc      0xc  at_cmd.o [1]
    .rodata               const    0x180adf08      0xc  at_cmd.o [1]
    .rodata               const    0x180adf14     0x14  at_cmd.o [1]
    .rodata               const    0x180adf28      0x8  at_cmd.o [1]
    .rodata               const    0x180adf30     0x10  at_cmd.o [1]
    .rodata               const    0x180adf40     0x10  at_cmd.o [1]
    .rodata               const    0x180adf50     0x10  at_cmd.o [1]
    .rodata               const    0x180adf60     0x10  at_cmd.o [1]
    .rodata               const    0x180adf70     0x10  at_cmd.o [1]
    .rodata               const    0x180adf80     0x10  at_cmd.o [1]
    .rodata               const    0x180adf90     0x10  at_cmd.o [1]
    .rodata               const    0x180adfa0     0x10  at_cmd.o [1]
    .rodata               const    0x180adfb0     0x10  at_cmd.o [1]
    .rodata               const    0x180adfc0     0x10  at_cmd.o [1]
    .rodata               const    0x180adfd0      0xc  at_cmd.o [1]
    .rodata               const    0x180adfdc      0xc  at_cmd.o [1]
    .rodata               const    0x180adfe8     0x10  at_cmd.o [1]
    .rodata               const    0x180adff8     0x10  at_cmd.o [1]
    .rodata               const    0x180ae008     0x10  at_cmd.o [1]
    .rodata               const    0x180ae018     0x14  at_cmd.o [1]
    .rodata               const    0x180ae02c     0x10  at_cmd.o [1]
    .rodata               const    0x180ae03c     0x10  at_cmd.o [1]
    .rodata               const    0x180ae04c     0x10  at_cmd.o [1]
    .rodata               const    0x180ae05c     0x14  at_cmd.o [1]
    .rodata               const    0x180ae070     0x10  at_cmd.o [1]
    .rodata               const    0x180ae080      0xc  at_cmd.o [1]
    .rodata               const    0x180ae08c      0xc  at_cmd.o [1]
    .rodata               const    0x180ae098     0x10  at_cmd.o [1]
    .rodata               const    0x180ae0a8      0xc  at_cmd.o [1]
    .rodata               const    0x180ae0b4      0xc  at_cmd.o [1]
    .rodata               const    0x180ae0c0      0xc  at_cmd.o [1]
    .rodata               const    0x180ae0cc     0x18  at_cmd.o [1]
    .rodata               const    0x180ae0e4      0x8  at_cmd.o [1]
    .rodata               const    0x180ae0ec     0x2c  at_cmd.o [1]
    .rodata               const    0x180ae118     0x28  at_cmd.o [1]
    .rodata               const    0x180ae140      0x4  at_test.o [1]
    .rodata               const    0x180ae144      0xc  at_test.o [1]
    .rodata               const    0x180ae150     0x18  auto_report.o [1]
    .rodata               const    0x180ae168     0x24  auto_report.o [1]
    .rodata               const    0x180ae18c     0x2c  auto_report.o [1]
    .rodata               const    0x180ae1b8     0x28  auto_report.o [1]
    .rodata               const    0x180ae1e0     0x28  auto_report.o [1]
    .rodata               const    0x180ae208     0x20  auto_report.o [1]
    .rodata               const    0x180ae228     0x20  auto_report.o [1]
    .rodata               const    0x180ae248     0x20  auto_report.o [1]
    .rodata               const    0x180ae268     0x20  auto_report.o [1]
    .rodata               const    0x180ae288     0x20  auto_report.o [1]
    .rodata               const    0x180ae2a8     0x24  auto_report.o [1]
    .rodata               const    0x180ae2cc     0x24  auto_report.o [1]
    .rodata               const    0x180ae2f0      0xc  auto_report.o [1]
    .rodata               const    0x180ae2fc     0x80  base64.o [1]
    .rodata               const    0x180ae37c    0x2a0  bignum.o [1]
    .rodata               const    0x180ae61c     0x48  blowfish.o [1]
    .rodata               const    0x180ae664   0x1000  blowfish.o [1]
    .rodata               const    0x180af664     0x18  cal_test.o [1]
    .rodata               const    0x180af67c     0x10  cal_test.o [1]
    .rodata               const    0x180af68c     0x24  cal_test.o [1]
    .rodata               const    0x180af6b0     0x18  cal_test.o [1]
    .rodata               const    0x180af6c8     0x14  cal_test.o [1]
    .rodata               const    0x180af6dc      0xc  cal_test.o [1]
    .rodata               const    0x180af6e8      0xc  cal_test.o [1]
    .rodata               const    0x180af6f4     0x14  cal_test.o [1]
    .rodata               const    0x180af708      0x8  cal_test.o [1]
    .rodata               const    0x180af710      0x8  cal_test.o [1]
    .rodata               const    0x180af718      0xc  cal_test.o [1]
    .rodata               const    0x180af724      0x8  cal_test.o [1]
    .rodata               const    0x180af72c      0x8  cal_test.o [1]
    .rodata               const    0x180af734      0x8  cal_test.o [1]
    .rodata               const    0x180af73c     0x30  camellia.o [1]
    .rodata               const    0x180af76c    0x100  camellia.o [1]
    .rodata               const    0x180af86c    0x100  camellia.o [1]
    .rodata               const    0x180af96c    0x100  camellia.o [1]
    .rodata               const    0x180afa6c    0x100  camellia.o [1]
    .rodata               const    0x180afb6c     0x20  camellia.o [1]
    .rodata               const    0x180afb8c     0xa0  camellia.o [1]
    .rodata               const    0x180afc2c     0x28  camellia.o [1]
    .rodata               const    0x180afc54      0xc  cipher_wrap.o [1]
    .rodata               const    0x180afc60      0xc  cipher_wrap.o [1]
    .rodata               const    0x180afc6c      0xc  cipher_wrap.o [1]
    .rodata               const    0x180afc78      0xc  cipher_wrap.o [1]
    .rodata               const    0x180afc84      0xc  cipher_wrap.o [1]
    .rodata               const    0x180afc90      0xc  cipher_wrap.o [1]
    .rodata               const    0x180afc9c     0x10  cipher_wrap.o [1]
    .rodata               const    0x180afcac     0x10  cipher_wrap.o [1]
    .rodata               const    0x180afcbc     0x10  cipher_wrap.o [1]
    .rodata               const    0x180afccc      0xc  cipher_wrap.o [1]
    .rodata               const    0x180afcd8      0xc  cipher_wrap.o [1]
    .rodata               const    0x180afce4      0xc  cipher_wrap.o [1]
    .rodata               const    0x180afcf0      0xc  cipher_wrap.o [1]
    .rodata               const    0x180afcfc      0xc  cipher_wrap.o [1]
    .rodata               const    0x180afd08      0xc  cipher_wrap.o [1]
    .rodata               const    0x180afd14      0xc  cipher_wrap.o [1]
    .rodata               const    0x180afd20      0xc  cipher_wrap.o [1]
    .rodata               const    0x180afd2c      0xc  cipher_wrap.o [1]
    .rodata               const    0x180afd38     0x14  cipher_wrap.o [1]
    .rodata               const    0x180afd4c     0x14  cipher_wrap.o [1]
    .rodata               const    0x180afd60     0x14  cipher_wrap.o [1]
    .rodata               const    0x180afd74     0x14  cipher_wrap.o [1]
    .rodata               const    0x180afd88     0x14  cipher_wrap.o [1]
    .rodata               const    0x180afd9c     0x14  cipher_wrap.o [1]
    .rodata               const    0x180afdb0     0x14  cipher_wrap.o [1]
    .rodata               const    0x180afdc4     0x14  cipher_wrap.o [1]
    .rodata               const    0x180afdd8     0x14  cipher_wrap.o [1]
    .rodata               const    0x180afdec     0x14  cipher_wrap.o [1]
    .rodata               const    0x180afe00     0x14  cipher_wrap.o [1]
    .rodata               const    0x180afe14     0x14  cipher_wrap.o [1]
    .rodata               const    0x180afe28     0x14  cipher_wrap.o [1]
    .rodata               const    0x180afe3c     0x14  cipher_wrap.o [1]
    .rodata               const    0x180afe50     0x14  cipher_wrap.o [1]
    .rodata               const    0x180afe64     0x14  cipher_wrap.o [1]
    .rodata               const    0x180afe78     0x14  cipher_wrap.o [1]
    .rodata               const    0x180afe8c     0x14  cipher_wrap.o [1]
    .rodata               const    0x180afea0      0x8  cipher_wrap.o [1]
    .rodata               const    0x180afea8      0x8  cipher_wrap.o [1]
    .rodata               const    0x180afeb0      0xc  cipher_wrap.o [1]
    .rodata               const    0x180afebc      0xc  cipher_wrap.o [1]
    .rodata               const    0x180afec8     0x10  cipher_wrap.o [1]
    .rodata               const    0x180afed8     0x10  cipher_wrap.o [1]
    .rodata               const    0x180afee8     0x10  cipher_wrap.o [1]
    .rodata               const    0x180afef8     0x10  cipher_wrap.o [1]
    .rodata               const    0x180aff08     0x10  cipher_wrap.o [1]
    .rodata               const    0x180aff18     0x10  cipher_wrap.o [1]
    .rodata               const    0x180aff28      0xc  cipher_wrap.o [1]
    .rodata               const    0x180aff34     0x28  cipher_wrap.o [1]
    .rodata               const    0x180aff5c     0x1c  cipher_wrap.o [1]
    .rodata               const    0x180aff78     0x1c  cipher_wrap.o [1]
    .rodata               const    0x180aff94     0x1c  cipher_wrap.o [1]
    .rodata               const    0x180affb0     0x1c  cipher_wrap.o [1]
    .rodata               const    0x180affcc     0x1c  cipher_wrap.o [1]
    .rodata               const    0x180affe8     0x1c  cipher_wrap.o [1]
    .rodata               const    0x180b0004     0x1c  cipher_wrap.o [1]
    .rodata               const    0x180b0020     0x1c  cipher_wrap.o [1]
    .rodata               const    0x180b003c     0x1c  cipher_wrap.o [1]
    .rodata               const    0x180b0058     0x1c  cipher_wrap.o [1]
    .rodata               const    0x180b0074     0x1c  cipher_wrap.o [1]
    .rodata               const    0x180b0090     0x1c  cipher_wrap.o [1]
    .rodata               const    0x180b00ac     0x28  cipher_wrap.o [1]
    .rodata               const    0x180b00d4     0x1c  cipher_wrap.o [1]
    .rodata               const    0x180b00f0     0x1c  cipher_wrap.o [1]
    .rodata               const    0x180b010c     0x1c  cipher_wrap.o [1]
    .rodata               const    0x180b0128     0x28  cipher_wrap.o [1]
    .rodata               const    0x180b0150     0x1c  cipher_wrap.o [1]
    .rodata               const    0x180b016c     0x1c  cipher_wrap.o [1]
    .rodata               const    0x180b0188     0x1c  cipher_wrap.o [1]
    .rodata               const    0x180b01a4     0x28  cipher_wrap.o [1]
    .rodata               const    0x180b01cc     0x1c  cipher_wrap.o [1]
    .rodata               const    0x180b01e8     0x1c  cipher_wrap.o [1]
    .rodata               const    0x180b0204     0x1c  cipher_wrap.o [1]
    .rodata               const    0x180b0220     0x1c  cipher_wrap.o [1]
    .rodata               const    0x180b023c     0x1c  cipher_wrap.o [1]
    .rodata               const    0x180b0258     0x1c  cipher_wrap.o [1]
    .rodata               const    0x180b0274     0x1c  cipher_wrap.o [1]
    .rodata               const    0x180b0290     0x1c  cipher_wrap.o [1]
    .rodata               const    0x180b02ac     0x1c  cipher_wrap.o [1]
    .rodata               const    0x180b02c8     0x1c  cipher_wrap.o [1]
    .rodata               const    0x180b02e4     0x1c  cipher_wrap.o [1]
    .rodata               const    0x180b0300     0x1c  cipher_wrap.o [1]
    .rodata               const    0x180b031c     0x28  cipher_wrap.o [1]
    .rodata               const    0x180b0344     0x1c  cipher_wrap.o [1]
    .rodata               const    0x180b0360     0x1c  cipher_wrap.o [1]
    .rodata               const    0x180b037c     0x1c  cipher_wrap.o [1]
    .rodata               const    0x180b0398     0x28  cipher_wrap.o [1]
    .rodata               const    0x180b03c0     0x1c  cipher_wrap.o [1]
    .rodata               const    0x180b03dc     0x1c  cipher_wrap.o [1]
    .rodata               const    0x180b03f8     0x1c  cipher_wrap.o [1]
    .rodata               const    0x180b0414     0x28  cipher_wrap.o [1]
    .rodata               const    0x180b043c     0x1c  cipher_wrap.o [1]
    .rodata               const    0x180b0458     0x1c  cipher_wrap.o [1]
    .rodata               const    0x180b0474     0x28  cipher_wrap.o [1]
    .rodata               const    0x180b049c     0x1c  cipher_wrap.o [1]
    .rodata               const    0x180b04b8     0x1c  cipher_wrap.o [1]
    .rodata               const    0x180b04d4     0x28  cipher_wrap.o [1]
    .rodata               const    0x180b04fc     0x1c  cipher_wrap.o [1]
    .rodata               const    0x180b0518     0x1c  cipher_wrap.o [1]
    .rodata               const    0x180b0534     0x28  cipher_wrap.o [1]
    .rodata               const    0x180b055c     0x1c  cipher_wrap.o [1]
    .rodata               const    0x180b0578     0x1c  cipher_wrap.o [1]
    .rodata               const    0x180b0594     0x1c  cipher_wrap.o [1]
    .rodata               const    0x180b05b0     0x1c  cipher_wrap.o [1]
    .rodata               const    0x180b05cc     0x28  cipher_wrap.o [1]
    .rodata               const    0x180b05f4     0x1c  cipher_wrap.o [1]
    .rodata               const    0x180b0610    0x180  cipher_wrap.o [1]
    .rodata               const    0x180b0790     0x10  clock.o [1]
    .rodata               const    0x180b07a0     0x14  clock.o [1]
    .rodata               const    0x180b07b4     0x14  clock.o [1]
    .rodata               const    0x180b07c8     0x18  clock.o [1]
    .rodata               const    0x180b07e0     0x18  clock.o [1]
    .rodata               const    0x180b07f8     0x14  clock.o [1]
    .rodata               const    0x180b080c     0x1c  clock.o [1]
    .rodata               const    0x180b0828     0x1c  debug.o [1]
    .rodata               const    0x180b0844     0x1c  debug.o [1]
    .rodata               const    0x180b0860      0x8  debug.o [1]
    .rodata               const    0x180b0868      0x8  debug.o [1]
    .rodata               const    0x180b0870      0x8  debug.o [1]
    .rodata               const    0x180b0878      0x8  debug.o [1]
    .rodata               const    0x180b0880      0x8  debug.o [1]
    .rodata               const    0x180b0888     0x20  debug.o [1]
    .rodata               const    0x180b08a8     0x14  debug.o [1]
    .rodata               const    0x180b08bc      0x8  debug.o [1]
    .rodata               const    0x180b08c4     0x14  debug.o [1]
    .rodata               const    0x180b08d8      0x8  debug.o [1]
    .rodata               const    0x180b08e0      0x8  debug.o [1]
    .rodata               const    0x180b08e8     0x14  debuginfo.o [1]
    .rodata               const    0x180b08fc     0x1c  debuginfo.o [1]
    .rodata               const    0x180b0918     0x18  debuginfo.o [1]
    .rodata               const    0x180b0930     0x18  debuginfo.o [1]
    .rodata               const    0x180b0948     0x18  debuginfo.o [1]
    .rodata               const    0x180b0960      0x8  debuginfo.o [1]
    .rodata               const    0x180b0968     0x20  debuginfo.o [1]
    .rodata               const    0x180b0988     0x1c  debuginfo.o [1]
    .rodata               const    0x180b09a4     0x8c  debuginfo.o [1]
    .rodata               const    0x180b0a30     0x18  debuginfo.o [1]
    .rodata               const    0x180b0a48    0x100  des.o [1]
    .rodata               const    0x180b0b48    0x100  des.o [1]
    .rodata               const    0x180b0c48    0x100  des.o [1]
    .rodata               const    0x180b0d48    0x100  des.o [1]
    .rodata               const    0x180b0e48    0x100  des.o [1]
    .rodata               const    0x180b0f48    0x100  des.o [1]
    .rodata               const    0x180b1048    0x100  des.o [1]
    .rodata               const    0x180b1148    0x100  des.o [1]
    .rodata               const    0x180b1248     0x40  des.o [1]
    .rodata               const    0x180b1288     0x40  des.o [1]
    .rodata               const    0x180b12c8      0xc  dhcpc.o [1]
    .rodata               const    0x180b12d4     0x14  dhcpc.o [1]
    .rodata               const    0x180b12e8     0x24  dhcpc.o [1]
    .rodata               const    0x180b130c     0x28  dhcps.o [1]
    .rodata               const    0x180b1334     0x18  dhcps.o [1]
    .rodata               const    0x180b134c     0x24  dhcps.o [1]
    .rodata               const    0x180b1370     0x28  dhcps.o [1]
    .rodata               const    0x180b1398     0x34  dhcps.o [1]
    .rodata               const    0x180b13cc     0x1c  dhcps.o [1]
    .rodata               const    0x180b13e8      0x4  dhcps.o [1]
    .rodata               const    0x180b13ec     0x10  dns.o [1]
    .rodata               const    0x180b13fc      0xc  ecp.o [1]
    .rodata               const    0x180b1408     0x10  ecp.o [1]
    .rodata               const    0x180b1418      0xc  ecp.o [1]
    .rodata               const    0x180b1424     0x10  ecp.o [1]
    .rodata               const    0x180b1434      0xc  ecp.o [1]
    .rodata               const    0x180b1440      0xc  ecp.o [1]
    .rodata               const    0x180b144c     0x10  ecp.o [1]
    .rodata               const    0x180b145c      0xc  ecp.o [1]
    .rodata               const    0x180b1468      0xc  ecp.o [1]
    .rodata               const    0x180b1474      0xc  ecp.o [1]
    .rodata               const    0x180b1480      0xc  ecp.o [1]
    .rodata               const    0x180b148c     0x90  ecp.o [1]
    .rodata               const    0x180b151c      0x8  ecp_curves.o [1]
    .rodata               const    0x180b1524     0x24  ecp_curves.o [1]
    .rodata               const    0x180b1548      0x8  ecp_curves.o [1]
    .rodata               const    0x180b1550     0x3c  ecp_curves.o [1]
    .rodata               const    0x180b158c     0x18  ecp_curves.o [1]
    .rodata               const    0x180b15a4     0x18  ecp_curves.o [1]
    .rodata               const    0x180b15bc     0x18  ecp_curves.o [1]
    .rodata               const    0x180b15d4     0x18  ecp_curves.o [1]
    .rodata               const    0x180b15ec     0x18  ecp_curves.o [1]
    .rodata               const    0x180b1604     0x20  ecp_curves.o [1]
    .rodata               const    0x180b1624     0x1c  ecp_curves.o [1]
    .rodata               const    0x180b1640     0x1c  ecp_curves.o [1]
    .rodata               const    0x180b165c     0x1c  ecp_curves.o [1]
    .rodata               const    0x180b1678     0x1c  ecp_curves.o [1]
    .rodata               const    0x180b1694     0x20  ecp_curves.o [1]
    .rodata               const    0x180b16b4     0x20  ecp_curves.o [1]
    .rodata               const    0x180b16d4     0x20  ecp_curves.o [1]
    .rodata               const    0x180b16f4     0x20  ecp_curves.o [1]
    .rodata               const    0x180b1714     0x20  ecp_curves.o [1]
    .rodata               const    0x180b1734     0x30  ecp_curves.o [1]
    .rodata               const    0x180b1764     0x30  ecp_curves.o [1]
    .rodata               const    0x180b1794     0x30  ecp_curves.o [1]
    .rodata               const    0x180b17c4     0x30  ecp_curves.o [1]
    .rodata               const    0x180b17f4     0x30  ecp_curves.o [1]
    .rodata               const    0x180b1824     0x44  ecp_curves.o [1]
    .rodata               const    0x180b1868     0x44  ecp_curves.o [1]
    .rodata               const    0x180b18ac     0x44  ecp_curves.o [1]
    .rodata               const    0x180b18f0     0x44  ecp_curves.o [1]
    .rodata               const    0x180b1934     0x44  ecp_curves.o [1]
    .rodata               const    0x180b1978     0x18  ecp_curves.o [1]
    .rodata               const    0x180b1990      0x4  ecp_curves.o [1]
    .rodata               const    0x180b1994      0x4  ecp_curves.o [1]
    .rodata               const    0x180b1998     0x18  ecp_curves.o [1]
    .rodata               const    0x180b19b0     0x18  ecp_curves.o [1]
    .rodata               const    0x180b19c8     0x18  ecp_curves.o [1]
    .rodata               const    0x180b19e0     0x1c  ecp_curves.o [1]
    .rodata               const    0x180b19fc      0x4  ecp_curves.o [1]
    .rodata               const    0x180b1a00      0x4  ecp_curves.o [1]
    .rodata               const    0x180b1a04     0x1c  ecp_curves.o [1]
    .rodata               const    0x180b1a20     0x1c  ecp_curves.o [1]
    .rodata               const    0x180b1a3c     0x20  ecp_curves.o [1]
    .rodata               const    0x180b1a5c     0x20  ecp_curves.o [1]
    .rodata               const    0x180b1a7c      0x4  ecp_curves.o [1]
    .rodata               const    0x180b1a80      0x4  ecp_curves.o [1]
    .rodata               const    0x180b1a84     0x20  ecp_curves.o [1]
    .rodata               const    0x180b1aa4     0x20  ecp_curves.o [1]
    .rodata               const    0x180b1ac4     0x20  ecp_curves.o [1]
    .rodata               const    0x180b1ae4     0x20  ecp_curves.o [1]
    .rodata               const    0x180b1b04     0x20  ecp_curves.o [1]
    .rodata               const    0x180b1b24     0x20  ecp_curves.o [1]
    .rodata               const    0x180b1b44     0x20  ecp_curves.o [1]
    .rodata               const    0x180b1b64     0x20  ecp_curves.o [1]
    .rodata               const    0x180b1b84     0x20  ecp_curves.o [1]
    .rodata               const    0x180b1ba4     0x30  ecp_curves.o [1]
    .rodata               const    0x180b1bd4     0x30  ecp_curves.o [1]
    .rodata               const    0x180b1c04     0x30  ecp_curves.o [1]
    .rodata               const    0x180b1c34     0x30  ecp_curves.o [1]
    .rodata               const    0x180b1c64     0x30  ecp_curves.o [1]
    .rodata               const    0x180b1c94     0x30  ecp_curves.o [1]
    .rodata               const    0x180b1cc4     0x40  ecp_curves.o [1]
    .rodata               const    0x180b1d04     0x40  ecp_curves.o [1]
    .rodata               const    0x180b1d44     0x40  ecp_curves.o [1]
    .rodata               const    0x180b1d84     0x40  ecp_curves.o [1]
    .rodata               const    0x180b1dc4     0x40  ecp_curves.o [1]
    .rodata               const    0x180b1e04     0x40  ecp_curves.o [1]
    .rodata               const    0x180b1e44     0x14  encryption.o [1]
    .rodata               const    0x180b1e58     0x44  encryption.o [1]
    .rodata               const    0x180b1e9c      0x8  etharp.o [1]
    .rodata               const    0x180b1ea4      0x8  etharp.o [1]
    .rodata               const    0x180b1eac     0x1c  fota.o [1]
[...]
uart_ll_set_rx_thd {Abs}
                        0x1801d6a1           --   Gb  command line/config [2]
uart_ll_tx_allow {Abs}  0x1801d8e5           --   Gb  command line/config [2]
uart_passth_idx         0x10024e38     0x4  Data  Lc  wlan_uart_utils.o [6]
udp_bind                0x18063867    0x9c  Code  Gb  udp.o [1]
udp_conn                0x18080595    0x58  Code  Lc  udp_perf.o [1]
udp_connect             0x18063903    0x5c  Code  Gb  udp.o [1]
udp_disconnect          0x1806395f    0x12  Code  Gb  udp.o [1]
udp_init                0x180633fd     0x2  Code  Gb  udp.o [1]
udp_input               0x1806345b   0x27c  Code  Gb  udp.o [1]
udp_new                 0x180639c9    0x20  Code  Gb  udp.o [1]
udp_new_port            0x180633ff    0x5c  Code  Lc  udp.o [1]
udp_pcbs                0x10024c4c     0x4  Data  Gb  udp.o [1]
udp_port                0x10015c58     0x2  Data  Lc  udp.o [1]
udp_recv                0x18063971     0x6  Code  Gb  udp.o [1]
udp_recv_task           0x180804fb    0x64  Code  Lc  udp_perf.o [1]
udp_remove              0x18063977    0x40  Code  Gb  udp.o [1]
udp_sendto              0x180636d7    0x48  Code  Gb  udp.o [1]
udp_sendto_if           0x1806371f   0x148  Code  Gb  udp.o [1]
udp_task_init           0x180805ed    0x40  Code  Gb  udp_perf.o [1]
ulStoppedTimerCompensation
                        0x100238b0     0x4  Data  Lc  port.o [1]
ulTimerCountsForOneTick
                        0x100238a8     0x4  Data  Lc  port.o [1]
user_ll_get_flash_para {Abs}
                        0x1801ed61           --   Gb  command line/config [2]
user_main               0x180ad8cf    0x3a  Code  Gb  zg_main.o [1]
user_task               0x180ad51f    0x4a  Code  Lc  system_start.o [1]
uxCriticalNesting       0x10015bb0     0x4  Data  Lc  port.o [1]
uxCurrentNumberOfTasks  0x10024864     0x4  Data  Lc  tasks.o [1]
uxDeletedTasksWaitingCleanUp
                        0x1002484c     0x4  Data  Lc  tasks.o [1]
uxListRemove            0x1806cdd5    0x28  Code  Gb  list.o [1]
uxPendedTicks           0x10024874     0x4  Data  Lc  tasks.o [1]
uxQueueMessagesWaiting  0x1806812b    0x14  Code  Gb  queue.o [1]
uxSchedulerSuspended    0x1002488c     0x4  Data  Lc  tasks.o [1]
uxTaskNumber            0x10024880     0x4  Data  Lc  tasks.o [1]
uxTaskPriorityGet       0x18066a33    0x22  Code  Gb  tasks.o [1]
uxTaskResetEventItemValue
                        0x1806762f    0x20  Code  Gb  tasks.o [1]
uxTopReadyPriority      0x1002486c     0x4  Data  Lc  tasks.o [1]
vApplicationGetIdleTaskMemory
                        0x1806cf31    0x10  Code  Gb  freertos_callback.o [1]
vApplicationGetTimerTaskMemory
                        0x1806cf41    0x10  Code  Gb  freertos_callback.o [1]
vApplicationIdleHook    0x1806cf2d     0x2  Code  Gb  port.o [1]
vApplicationStackOverflowHook
                        0x1806cf51    0x18  Code  Gb  freertos_callback.o [1]
vEventGroupClearBitsCallback
                        0x1807e3b1    0x10  Code  Gb  event_groups.o [1]
vEventGroupDelete       0x1807e371    0x30  Code  Gb  event_groups.o [1]
vEventGroupSetBitsCallback
                        0x1807e3a1    0x10  Code  Gb  event_groups.o [1]
vListInitialise         0x1806cd5f    0x1e  Code  Gb  list.o [1]
vListInitialiseItem     0x1806cd7d     0x6  Code  Gb  list.o [1]
vListInsert             0x1806cd9b    0x3a  Code  Gb  list.o [1]
vListInsertEnd          0x1806cd83    0x18  Code  Gb  list.o [1]
vPortClrInterruptMaskFromISR
                        0x1806f1d3     0x6  Code  Gb  wlan_api.o [7]
vPortDefineHeapRegions  0x1806cbf1    0xee  Code  Gb  heap_5.o [1]
vPortDisInterrupts      0x1806f1bd    0x10  Code  Gb  wlan_api.o [7]
vPortEnableVFP          0x180be301          Code  Gb  portasm.o [1]
vPortEnterCritical      0x1806ce71    0x1a  Code  Gb  port.o [1]
vPortExitCritical       0x1806ce8b    0x1a  Code  Gb  port.o [1]
vPortFree               0x1806cb3b    0x48  Code  Gb  heap_5.o [1]
vPortSVCHandler         0x180be2c5          Code  Gb  portasm.o [1]
vPortSetInterruptsMaskFromISR
                        0x1806f1cd     0x6  Code  Gb  wlan_api.o [7]
vPortSetupTimerInterrupt
                        0x1806cecd    0x36  Code  Wk  port.o [1]
vPortStartFirstTask     0x180be2e1          Code  Gb  portasm.o [1]
vPortSuppressTicksAndSleep
                        0x1806cf71     0xc  Code  Gb  freertos_callback.o [1]
vPortYield              0x1806f1d9    0x14  Code  Gb  wlan_api.o [7]
vPort_ll_SuppressTicksAndSleep {Abs}
                        0x18045e49           --   Gb  command line/config [2]
vQueueDelete            0x1806813f    0x16  Code  Gb  queue.o [1]
vQueueWaitForMessageRestricted
                        0x180682e9    0x4c  Code  Gb  queue.o [1]
vTaskDelay              0x180669ff    0x34  Code  Gb  tasks.o [1]
vTaskDelete             0x18066935    0xca  Code  Gb  tasks.o [1]
vTaskInternalSetTimeOutState
                        0x180671db    0x12  Code  Gb  tasks.o [1]
vTaskMissedYield        0x18067255     0xa  Code  Gb  tasks.o [1]
vTaskPlaceOnEventList   0x18067099    0x20  Code  Gb  tasks.o [1]
vTaskPlaceOnEventListRestricted
                        0x180670e7    0x2c  Code  Gb  tasks.o [1]
vTaskPlaceOnUnorderedEventList
                        0x180670b9    0x2e  Code  Gb  tasks.o [1]
vTaskPriorityDisinheritAfterTimeout
                        0x18067585    0xaa  Code  Gb  tasks.o [1]
vTaskPrioritySet        0x18066a55   0x106  Code  Gb  tasks.o [1]
vTaskRemoveFromUnorderedEventList
                        0x18067189    0x52  Code  Gb  tasks.o [1]
vTaskResume             0x18066c53    0x74  Code  Gb  tasks.o [1]
vTaskStartScheduler     0x18066cc7    0x8a  Code  Gb  tasks.o [1]
vTaskStepTick           0x18066eed    0x10  Code  Gb  tasks.o [1]
vTaskSuspend            0x18066b5b    0xce  Code  Gb  tasks.o [1]
vTaskSuspendAll         0x18066d51    0x10  Code  Gb  tasks.o [1]
vTaskSwitchContext      0x1806700d    0x8c  Code  Gb  tasks.o [1]
version_s907x           0x100246e8    0x28  Data  Lc  system_start.o [1]
vs_ll_printf {Abs}      0x1801f379           --   Gb  command line/config [2]
vsnprintf               0x180a1e8d    0x3c  Code  Gb  vsnprint.o [3]
warmStore               0x1002514d     0x1  Data  Lc  Light_fun.o [1]
wdg_hdl                 0x10024c6c     0xc  Data  Lc  WIFI_config.o [1]
wdg_ll_deinit {Abs}     0x1801edcd           --   Gb  command line/config [2]
wdg_ll_init {Abs}       0x1801eda1           --   Gb  command line/config [2]
wdg_ll_it_mask {Abs}    0x1801edf9           --   Gb  command line/config [2]
wdg_ll_refresh {Abs}    0x1801ede5           --   Gb  command line/config [2]
wdg_ll_start {Abs}      0x1801edd9           --   Gb  command line/config [2]
wdg_ll_stop {Abs}       0x1801eded           --   Gb  command line/config [2]
wifi_AP_Start           0x18078f11    0x54  Code  Lc  WIFI_config.o [1]
wifi_Adapter_start      0x18078f65    0x1c  Code  Gb  WIFI_config.o [1]
wifi_STA_Start          0x18078eb5    0x54  Code  Gb  WIFI_config.o [1]
wifi_conf_select        0x10025168     0x1  Data  Lc  ZG_AT_CMD.o [1]
wifi_dis_flag           0x10024934     0x4  Data  Lc  tcp_client.o [1]
wifi_disconnect_count   0x10024930     0x4  Data  Lc  tcp_client.o [1]
wifi_disconnect_time    0x1002492c     0x4  Data  Lc  tcp_client.o [1]
wifi_event_group        0x10024cf8     0x4  Data  Lc  WIFI_config.o [1]
wifi_get_conf_msg       0x18079085    0x10  Code  Gb  WIFI_config.o [1]
wifi_get_ip_info        0x18078fe9    0x16  Code  Gb  WIFI_config.o [1]
wifi_get_mac_info       0x1807901f    0x10  Code  Gb  WIFI_config.o [1]
wifi_get_mode           0x18079095     0x6  Code  Gb  WIFI_config.o [1]
wifi_get_netif          0x1807ce71     0x6  Code  Gb  s907x_wlan.o [1]
wifi_mode               0x10025166     0x1  Data  Lc  WIFI_config.o [1]
wifi_password_conf      0x18078e69    0x4c  Code  Gb  WIFI_config.o [1]
wifi_reg_event_handler {Abs}
                        0x18039dc5           --   Gb  command line/config [2]
wifi_rx_beacon_hdl {Abs}
                        0x18038409           --   Gb  command line/config [2]
wifi_scan_ap            0x18078bdd     0x8  Code  Gb  WIFI_config.o [1]
wifi_set                0x10024c90    0x68  Data  Lc  WIFI_config.o [1]
wifi_set_ip_info        0x18078fff    0x20  Code  Gb  WIFI_config.o [1]
wifi_ssid_conf          0x18078e37    0x32  Code  Gb  WIFI_config.o [1]
wifi_unreg_event_handler {Abs}
                        0x18039e19           --   Gb  command line/config [2]
wl_create_thread        0x18067995    0x3a  Code  Gb  os_api.o [7]
wl_destory_thread       0x180679cf     0x8  Code  Gb  os_api.o [7]
wl_destory_threadself   0x180679d7     0xa  Code  Gb  os_api.o [7]
wl_enter_critical       0x180678cd     0x8  Code  Gb  os_api.o [7]
wl_exit_critical        0x180678d5     0x8  Code  Gb  os_api.o [7]
wl_free                 0x18067a0f     0x8  Code  Gb  os_api.o [7]
wl_free_mutex           0x18067851    0x16  Code  Gb  os_api.o [7]
wl_free_queue           0x18067957    0x1e  Code  Gb  os_api.o [7]
wl_free_sema            0x180677cb    0x16  Code  Gb  os_api.o [7]
wl_get_freeheapsize     0x180679e1     0x8  Code  Gb  os_api.o [7]
wl_get_random32         0x18067a17    0x40  Code  Gb  os_api.o [7]
wl_get_random_bytes     0x18084bed    0x16  Code  Gb  httpc_core.o [1]
wl_get_systemtick       0x18067975     0x8  Code  Gb  os_api.o [7]
wl_heap_init            0x1806cf7d    0x74  Code  Gb  freertos_callback.o [1]
wl_init_mutex           0x18067843     0xe  Code  Gb  os_api.o [7]
wl_init_queue           0x180678dd    0x1c  Code  Gb  os_api.o [7]
wl_init_sema            0x18067785    0x46  Code  Gb  os_api.o [7]
wl_ll_ps_enable {Abs}   0x1801f271           --   Gb  command line/config [2]
wl_lock_mutex           0x18067867    0x28  Code  Gb  os_api.o [7]
wl_lock_mutex_to        0x1806788f    0x2e  Code  Gb  os_api.o [7]
wl_malloc               0x180679e9     0x8  Code  Gb  os_api.o [7]
wl_memcmp               0x18067aa5     0x8  Code  Gb  os_api.o [7]
wl_memcpy               0x18067a9d     0x8  Code  Gb  os_api.o [7]
wl_memset               0x18067a95     0x8  Code  Gb  os_api.o [7]
wl_ms_to_systemtick     0x1806797f     0x8  Code  Gb  os_api.o [7]
wl_os_init              0x18067a57     0xe  Code  Gb  os_api.o [7]
wl_os_mdelay            0x18067987     0xe  Code  Gb  os_api.o [7]
wl_os_start             0x18067a8d     0x8  Code  Gb  os_api.o [7]
wl_send_queue           0x180678f9    0x30  Code  Gb  os_api.o [7]
wl_send_sema            0x180677e1    0x10  Code  Gb  os_api.o [7]
wl_send_sema_fromisr    0x180677f1    0x28  Code  Gb  os_api.o [7]
wl_systemtick_to_ms     0x1806797d     0x2  Code  Gb  os_api.o [7]
wl_unlock_mutex         0x180678bd    0x10  Code  Gb  os_api.o [7]
wl_wait_queue           0x18067929    0x2e  Code  Gb  os_api.o [7]
wl_wait_sema            0x18067819    0x2a  Code  Gb  os_api.o [7]
wl_zmalloc              0x180679f1    0x1e  Code  Gb  os_api.o [7]
wlan_connect_normal     0x1807d03d   0x164  Code  Lc  s907x_wlan.o [1]
wlan_get_mac_addr       0x1807d4b7    0x1e  Code  Gb  s907x_wlan.o [1]
wlan_net_func           0x10024eec    0x44  Data  Gb  lwip_conf.o [6]
wlan_set_ap             0x1807d2d3   0x140  Code  Lc  s907x_wlan.o [1]
wlan_set_os_funcion     0x1806f1ed   0x216  Code  Gb  wlan_api.o [7]
wlan_set_sta            0x1807d1a5   0x12e  Code  Lc  s907x_wlan.o [1]
wlan_sta_scan_once      0x1807cfeb    0x52  Code  Gb  s907x_wlan.o [1]
wlan_start              0x180ad651    0x1a  Code  Gb  system_start.o [1]
wlan_task               0x180ad569    0xe8  Code  Lc  system_start.o [1]
wlan_task_hdl           0x100246e4     0x4  Data  Lc  system_start.o [1]
wlan_uart_process_escape_char
                        0x18073891    0x6e  Code  Lc  wlan_uart_utils.o [6]
wlan_uart_rx_ll_cb      0x18073901   0x108  Code  Gb  wlan_uart_utils.o [6]
wlan_uart_rx_pop        0x180737c9    0x64  Code  Gb  wlan_uart_utils.o [6]
wlan_uart_rx_transfer_buffer
                        0x1807382d    0x64  Code  Gb  wlan_uart_utils.o [6]
x509_check_wildcard     0x18091919    0x78  Code  Lc  x509_crt.o [1]
x509_crt_check_cn       0x18091d99    0x36  Code  Lc  x509_crt.o [1]
x509_crt_check_ee_locally_trusted
                        0x18091bf3    0x48  Code  Lc  x509_crt.o [1]
x509_crt_check_parent   0x18091ac5    0x5c  Code  Lc  x509_crt.o [1]
x509_crt_check_signature
                        0x18091a5f    0x66  Code  Lc  x509_crt.o [1]
x509_crt_find_parent    0x18091ba9    0x4a  Code  Lc  x509_crt.o [1]
x509_crt_find_parent_in
                        0x18091b21    0x88  Code  Lc  x509_crt.o [1]
x509_crt_merge_flags_with_cb
                        0x18091e6d    0x5a  Code  Lc  x509_crt.o [1]
x509_crt_parse_der_core
                        0x180906a1   0x39a  Code  Lc  x509_crt.o [1]
x509_crt_verify_chain   0x18091c3b   0x150  Code  Lc  x509_crt.o [1]
x509_crt_verify_name    0x18091dcf    0x98  Code  Lc  x509_crt.o [1]
x509_crt_verify_strings
                        0x180bd7f8    0xa8  Data  Lc  x509_crt.o [1]
x509_crt_verifycrl      0x180917a7   0x120  Code  Lc  x509_crt.o [1]
x509_date_is_valid      0x180a23c1    0xda  Code  Lc  x509.o [1]
x509_get_attr_type_value
                        0x180a21fb    0xec  Code  Lc  x509.o [1]
x509_get_basic_constraints
                        0x18090243    0xa8  Code  Lc  x509_crt.o [1]
x509_get_crt_ext        0x180904c7   0x1da  Code  Lc  x509_crt.o [1]
x509_get_dates          0x1809018b    0x68  Code  Lc  x509_crt.o [1]
x509_get_ext_key_usage  0x1809039b    0x30  Code  Lc  x509_crt.o [1]
x509_get_hash_alg       0x180a1f71    0xa4  Code  Lc  x509.o [1]
x509_get_key_usage      0x1809032b    0x70  Code  Lc  x509_crt.o [1]
x509_get_ns_cert_type   0x180902eb    0x40  Code  Lc  x509_crt.o [1]
x509_get_subject_alt_name
                        0x180903cb    0xfc  Code  Lc  x509_crt.o [1]
x509_get_uid            0x180901f3    0x50  Code  Lc  x509_crt.o [1]
x509_get_version        0x18090131    0x5a  Code  Lc  x509_crt.o [1]
x509_info_cert_type     0x18090c73   0x194  Code  Lc  x509_crt.o [1]
x509_info_ext_key_usage
                        0x18090fe9    0x72  Code  Lc  x509_crt.o [1]
x509_info_key_usage     0x18090e15   0x1ca  Code  Lc  x509_crt.o [1]
x509_info_subject_alt_name
                        0x18090bfd    0x76  Code  Lc  x509_crt.o [1]
x509_memcasecmp         0x180918c7    0x52  Code  Lc  x509_crt.o [1]
x509_name_cmp           0x180919f1    0x6e  Code  Lc  x509_crt.o [1]
x509_parse_int          0x180a237d    0x44  Code  Lc  x509.o [1]
x509_parse_time         0x180a249b    0xfa  Code  Lc  x509.o [1]
x509_profile_check_key  0x180900c9    0x68  Code  Lc  x509_crt.o [1]
x509_profile_check_md_alg
                        0x18090091    0x1c  Code  Lc  x509_crt.o [1]
x509_profile_check_pk_alg
                        0x180900ad    0x1c  Code  Lc  x509_crt.o [1]
x509_string_cmp         0x18091991    0x60  Code  Lc  x509_crt.o [1]
xActiveTimerList1       0x10024a88    0x14  Data  Lc  timers.o [1]
xActiveTimerList2       0x10024a9c    0x14  Data  Lc  timers.o [1]
xBlockAllocatedBit      0x10018fcc     0x4  Data  Lc  heap_5.o [1]
xDelayedTaskList1       0x100247f4    0x14  Data  Lc  tasks.o [1]
xDelayedTaskList2       0x10024808    0x14  Data  Lc  tasks.o [1]
xEventGroupClearBits    0x1807e289    0x1c  Code  Gb  event_groups.o [1]
xEventGroupCreate       0x1807e181    0x20  Code  Gb  event_groups.o [1]
xEventGroupGetBitsFromISR
                        0x1807e2a5    0x20  Code  Gb  event_groups.o [1]
xEventGroupSetBits      0x1807e2c5    0xac  Code  Gb  event_groups.o [1]
xEventGroupWaitBits     0x1807e1a1    0xe4  Code  Gb  event_groups.o [1]
xFreeBytesRemaining     0x10018fc4     0x4  Data  Lc  heap_5.o [1]
xHandleTaskOta          0x10017ae0     0x4  Data  Lc  fota.o [1]
xHandleTaskReport       0x10016984     0x4  Data  Lc  auto_report.o [1]
xHandleTaskSend         0x10024904     0x4  Data  Lc  tcp_client.o [1]
xHandleTasktcp          0x10024900     0x4  Data  Lc  tcp_client.o [1]
xHeapStructSize         0x180b20d4     0x4  Data  Lc  heap_5.o [1]
xIdleTaskHandle         0x10024888     0x4  Data  Lc  tasks.o [1]
xMaximumPossibleSuppressedTicks
                        0x100238ac     0x4  Data  Lc  port.o [1]
xMinimumEverFreeBytesRemaining
                        0x10018fc8     0x4  Data  Lc  heap_5.o [1]
xNextTaskUnblockTime    0x10024884     0x4  Data  Lc  tasks.o [1]
xNumOfOverflows         0x1002487c     0x4  Data  Lc  tasks.o [1]
xPendingReadyList       0x10024824    0x14  Data  Lc  tasks.o [1]
xPortGetFreeHeapSize    0x1806cb83     0x6  Code  Gb  heap_5.o [1]
xPortGetMinimumEverFreeHeapSize
                        0x1806cb89     0x6  Code  Gb  heap_5.o [1]
xPortPendSVHandler      0x180be26d          Code  Gb  portasm.o [1]
xPortStartScheduler     0x1806ce35    0x3c  Code  Gb  port.o [1]
xPortSysTickHandler     0x1806cea5    0x28  Code  Gb  port.o [1]
xQueueCreateCountingSemaphore
                        0x18067c1f    0x1c  Code  Gb  queue.o [1]
xQueueCreateMutex       0x18067bff    0x20  Code  Gb  queue.o [1]
xQueueGenericCreate     0x18067b61    0x4a  Code  Gb  queue.o [1]
xQueueGenericCreateStatic
                        0x18067b2d    0x34  Code  Gb  queue.o [1]
xQueueGenericReset      0x18067aad    0x80  Code  Gb  queue.o [1]
xQueueGenericSend       0x18067c3b   0x122  Code  Gb  queue.o [1]
xQueueGenericSendFromISR
                        0x18067d5d    0x84  Code  Gb  queue.o [1]
xQueueGiveFromISR       0x18067de1    0x7a  Code  Gb  queue.o [1]
xQueueReceive           0x18067e5b   0x108  Code  Gb  queue.o [1]
xQueueReceiveFromISR    0x180680a9    0x82  Code  Gb  queue.o [1]
xQueueSemaphoreTake     0x18067f63   0x140  Code  Gb  queue.o [1]
xSchedulerRunning       0x10024870     0x4  Data  Lc  tasks.o [1]
xStart                  0x10018fb8     0x8  Data  Lc  heap_5.o [1]
xSuspendedTaskList      0x10024850    0x14  Data  Lc  tasks.o [1]
xTaskCheckForTimeOut    0x180671ed    0x68  Code  Gb  tasks.o [1]
xTaskCreate             0x18066717    0x8a  Code  Gb  tasks.o [1]
xTaskCreateStatic       0x180666b5    0x62  Code  Gb  tasks.o [1]
xTaskGetCurrentTaskHandle
                        0x180673f5     0xa  Code  Gb  tasks.o [1]
xTaskGetSchedulerState  0x180673ff    0x26  Code  Gb  tasks.o [1]
xTaskGetTickCount       0x18066ec1     0xa  Code  Gb  tasks.o [1]
xTaskGetTickCountFromISR
                        0x18066ecb     0xe  Code  Gb  tasks.o [1]
xTaskIncrementTick      0x18066efd   0x110  Code  Gb  tasks.o [1]
xTaskPriorityDisinherit
                        0x180674f1    0x8a  Code  Gb  tasks.o [1]
xTaskPriorityInherit    0x18067429    0xc8  Code  Gb  tasks.o [1]
xTaskRemoveFromEventList
                        0x18067113    0x76  Code  Gb  tasks.o [1]
xTaskResumeAll          0x18066db1   0x110  Code  Gb  tasks.o [1]
xTasksWaitingTermination
                        0x10024838    0x14  Data  Lc  tasks.o [1]
xTickCount              0x10024868     0x4  Data  Lc  tasks.o [1]
xTimerCreate            0x1806d085    0x40  Code  Gb  timers.o [1]
xTimerCreateTimerTask   0x1806d029    0x5c  Code  Gb  timers.o [1]
xTimerGenericCommand    0x1806d103    0x74  Code  Gb  timers.o [1]
xTimerIsTimerActive     0x1806d475    0x1e  Code  Gb  timers.o [1]
xTimerPendFunctionCallFromISR
                        0x1806d4a7    0x30  Code  Gb  timers.o [1]
xTimerQueue             0x10024ab8     0x4  Data  Lc  timers.o [1]
xTimerTaskHandle        0x10024abc     0x4  Data  Lc  timers.o [1]
xYieldPending           0x10024878     0x4  Data  Lc  tasks.o [1]
xnetif                  0x10024e40    0x88  Data  Gb  lwip_conf.o [6]
zg_ota_start            0x18083a87    0x74  Code  Gb  fota.o [1]
zg_timer_pwm_hdl        0x100190b8    0xbc  Data  Gb  Light_fun.o [1]
zg_watchdog             0x1807ca49    0x84  Code  Lc  ZG_system.o [1]


[1] = E:\sdk\zg\dengpao_ps\out\IAR\Debug\Obj
[2] = command line
[3] = dl7M_tlf.a
[4] = m7M_tls.a
[5] = rt7M_tl.a
[6] = s907x_net.a
[7] = s907x_platform.a
[8] = shb_l.a

  318 416 bytes of readonly  code memory
   67 398 bytes of readonly  data memory
   67 666 bytes of readwrite data memory

Errors: none
Warnings: 1
